******************************************************************************
                  TI ARM Linker PC v18.1.1                     
******************************************************************************
>> Linked Sun Jun  3 06:46:01 2018

OUTPUT FILE NAME:   <ccd-test1.out>
ENTRY POINT SYMBOL: "_c_int00_noargs"  address: 00000831


MEMORY CONFIGURATION

         name            origin    length      used     unused   attr    fill
----------------------  --------  ---------  --------  --------  ----  --------
  FLASH                 00000000   00040000  00000af0  0003f510  R  X
  SRAM                  20000000   00008000  00000209  00007df7  RW X


SEGMENT ALLOCATION MAP

run origin  load origin   length   init length attrs members
----------  ----------- ---------- ----------- ----- -------
00000000    00000000    00000af4   00000af4    r-x
  00000000    00000000    0000026c   0000026c    r-- .intvecs
  0000026c    0000026c    00000768   00000768    r-x .text
  000009d4    000009d4    00000100   00000100    r-- .const
  00000ad8    00000ad8    0000001c   0000001c    r-- .cinit
20000000    20000000    00000209   00000000    rw-
  20000000    20000000    00000200   00000000    rw- .stack
  20000200    20000200    00000009   00000000    rw- .data


SECTION ALLOCATION MAP

 output                                  attributes/
section   page    origin      length       input sections
--------  ----  ----------  ----------   ----------------
.intvecs   0    00000000    0000026c     
                  00000000    0000026c     tm4c123gh6pm_startup_ccs.obj (.intvecs)

.text      0    0000026c    00000768     
                  0000026c    000001a4     main.obj (.text)
                  00000410    00000132     driverlib.lib : gpio.obj (.text:GPIOPadConfigSet)
                  00000542    00000002     --HOLE-- [fill = 0]
                  00000544    000000f4                   : sysctl.obj (.text:SysCtlClockSet)
                  00000638    0000009c     rtsv7M4_T_le_v4SPD16_eabi.lib : memcpy_t2.asm.obj (.text)
                  000006d4    00000068     driverlib.lib : interrupt.obj (.text:IntEnable)
                  0000073c    00000068     rtsv7M4_T_le_v4SPD16_eabi.lib : copy_decompress_lzss.c.obj (.text:decompress:lzss:__TI_decompress_lzss)
                  000007a4    00000048     driverlib.lib : gpio.obj (.text:GPIOPinConfigure)
                  000007ec    00000044     rtsv7M4_T_le_v4SPD16_eabi.lib : autoinit.c.obj (.text:__TI_auto_init_nobinit_nopinit:__TI_auto_init_nobinit_nopinit)
                  00000830    00000038                                   : boot_cortex_m.c.obj (.text:_c_int00_noargs:_c_int00_noargs)
                  00000868    00000034     driverlib.lib : sysctl.obj (.text:SysCtlPeripheralEnable)
                  0000089c    0000002a                   : gpio.obj (.text:GPIODirModeSet)
                  000008c6    00000022                   : pwm.obj (.text:PWMGenConfigure)
                  000008e8    0000001e                   : pwm.obj (.text:PWMPulseWidthSet)
                  00000906    00000018                   : gpio.obj (.text:GPIOPinTypeGPIOOutput)
                  0000091e    00000002     --HOLE-- [fill = 0]
                  00000920    00000014                   : sysctl.obj (.text:SysCtlPWMClockSet)
                  00000934    00000012                   : gpio.obj (.text:GPIOPinTypePWM)
                  00000946    00000012                   : pwm.obj (.text:PWMOutputState)
                  00000958    00000010                   : interrupt.obj (.text:IntMasterEnable)
                  00000968    00000010                   : pwm.obj (.text:PWMGenPeriodSet)
                  00000978    0000000e     rtsv7M4_T_le_v4SPD16_eabi.lib : copy_decompress_none.c.obj (.text:decompress:none:__TI_decompress_none)
                  00000986    0000000c     driverlib.lib : cpu.obj (.text:CPUcpsie)
                  00000992    0000000c                   : pwm.obj (.text:PWMGenEnable)
                  0000099e    0000000c     tm4c123gh6pm_startup_ccs.obj (.text)
                  000009aa    0000000a     driverlib.lib : pwm.obj (.text:PWMGenIntTrigEnable)
                  000009b4    00000008                   : pwm.obj (.text:PWMIntEnable)
                  000009bc    00000006                   : gpio.obj (.text:GPIOPinWrite)
                  000009c2    00000006                   : sysctl.obj (.text:SysCtlDelay)
                  000009c8    00000004                   : pwm.obj (.text:PWMFaultIntClearExt)
                  000009cc    00000004     rtsv7M4_T_le_v4SPD16_eabi.lib : pre_init.c.obj (.text:_system_pre_init)
                  000009d0    00000004                                   : exit.c.obj (.text:abort:abort)

.const     0    000009d4    00000100     
                  000009d4    00000090     driverlib.lib : gpio.obj (.const:g_pui32GPIOBaseAddrs)
                  00000a64    00000070                   : interrupt.obj (.const)

.cinit     0    00000ad8    0000001c     
                  00000ad8    0000000b     (.cinit..data.load) [load image, compression = lzss]
                  00000ae3    00000001     --HOLE-- [fill = 0]
                  00000ae4    00000008     (__TI_handler_table)
                  00000aec    00000008     (__TI_cinit_table)

.init_array 
*          0    00000000    00000000     UNINITIALIZED

.data      0    20000200    00000009     UNINITIALIZED
                  20000200    00000009     main.obj (.data)

.stack     0    20000000    00000200     UNINITIALIZED
                  20000000    00000004     rtsv7M4_T_le_v4SPD16_eabi.lib : boot_cortex_m.c.obj (.stack)
                  20000004    000001fc     --HOLE--

MODULE SUMMARY

       Module                         code   ro data   rw data
       ------                         ----   -------   -------
    .\
       tm4c123gh6pm_startup_ccs.obj   12     620       0      
       main.obj                       420    0         9      
    +--+------------------------------+------+---------+---------+
       Total:                         432    620       9      
                                                              
    C:/ti/TivaWare_C_Series-2.1.4.178/driverlib/ccs/Debug/driverlib.lib
       gpio.obj                       468    144       0      
       sysctl.obj                     322    0         0      
       interrupt.obj                  120    112       0      
       pwm.obj                        132    0         0      
       cpu.obj                        12     0         0      
    +--+------------------------------+------+---------+---------+
       Total:                         1054   256       0      
                                                              
    C:\ti\ccsv8\tools\compiler\ti-cgt-arm_18.1.1.LTS\lib\rtsv7M4_T_le_v4SPD16_eabi.lib
       memcpy_t2.asm.obj              156    0         0      
       copy_decompress_lzss.c.obj     104    0         0      
       autoinit.c.obj                 68     0         0      
       boot_cortex_m.c.obj            56     0         0      
       copy_decompress_none.c.obj     14     0         0      
       exit.c.obj                     4      0         0      
       pre_init.c.obj                 4      0         0      
    +--+------------------------------+------+---------+---------+
       Total:                         406    0         0      
                                                              
       Stack:                         0      0         512    
       Linker Generated:              0      27        0      
    +--+------------------------------+------+---------+---------+
       Grand Total:                   1892   903       521    


LINKER GENERATED COPY TABLES

__TI_cinit_table @ 00000aec records: 1, size/record: 8, table size: 8
	.data: load addr=00000ad8, load size=0000000b bytes, run addr=20000200, run size=00000009 bytes, compression=lzss


LINKER GENERATED HANDLER TABLE

__TI_handler_table @ 00000ae4 records: 2, size/record: 4, table size: 8
	index: 0, handler: __TI_decompress_lzss
	index: 1, handler: __TI_decompress_none


GLOBAL SYMBOLS: SORTED ALPHABETICALLY BY Name 

address   name                          
-------   ----                          
000009d1  C$$EXIT                       
00000987  CPUcpsie                      
0000089d  GPIODirModeSet                
00000411  GPIOPadConfigSet              
000007a5  GPIOPinConfigure              
00000907  GPIOPinTypeGPIOOutput         
00000935  GPIOPinTypePWM                
000009bd  GPIOPinWrite                  
000006d5  IntEnable                     
00000959  IntMasterEnable               
000003b5  PWM1IntHandler                
000009c9  PWMFaultIntClearExt           
000008c7  PWMGenConfigure               
00000993  PWMGenEnable                  
000009ab  PWMGenIntTrigEnable           
00000969  PWMGenPeriodSet               
000009b5  PWMIntEnable                  
00000947  PWMOutputState                
000008e9  PWMPulseWidthSet              
0000099f  ResetISR                      
00000545  SysCtlClockSet                
000009c3  SysCtlDelay                   
00000921  SysCtlPWMClockSet             
00000869  SysCtlPeripheralEnable        
20000200  __STACK_END                   
00000200  __STACK_SIZE                  
20000200  __STACK_TOP                   
00000aec  __TI_CINIT_Base               
00000af4  __TI_CINIT_Limit              
00000ae4  __TI_Handler_Table_Base       
00000aec  __TI_Handler_Table_Limit      
000007ed  __TI_auto_init_nobinit_nopinit
0000073d  __TI_decompress_lzss          
00000979  __TI_decompress_none          
ffffffff  __TI_pprof_out_hndl           
ffffffff  __TI_prof_data_size           
ffffffff  __TI_prof_data_start          
00000000  __TI_static_base__            
00000639  __aeabi_memcpy                
00000639  __aeabi_memcpy4               
00000639  __aeabi_memcpy8               
ffffffff  __binit__                     
ffffffff  __c_args__                    
UNDEFED   __mpu_init                    
20000000  __stack                       
00000831  _c_int00_noargs               
UNDEFED   _system_post_cinit            
000009cd  _system_pre_init              
000009d1  abort                         
ffffffff  binit                         
20000200  clockCounter                  
20000204  clockRoll                     
00000000  g_pfnVectors                  
0000026d  initiate                      
20000208  invert                        
000002cd  main                          
00000639  memcpy                        


GLOBAL SYMBOLS: SORTED BY Symbol Address 

address   name                          
-------   ----                          
00000000  __TI_static_base__            
00000000  g_pfnVectors                  
00000200  __STACK_SIZE                  
0000026d  initiate                      
000002cd  main                          
000003b5  PWM1IntHandler                
00000411  GPIOPadConfigSet              
00000545  SysCtlClockSet                
00000639  __aeabi_memcpy                
00000639  __aeabi_memcpy4               
00000639  __aeabi_memcpy8               
00000639  memcpy                        
000006d5  IntEnable                     
0000073d  __TI_decompress_lzss          
000007a5  GPIOPinConfigure              
000007ed  __TI_auto_init_nobinit_nopinit
00000831  _c_int00_noargs               
00000869  SysCtlPeripheralEnable        
0000089d  GPIODirModeSet                
000008c7  PWMGenConfigure               
000008e9  PWMPulseWidthSet              
00000907  GPIOPinTypeGPIOOutput         
00000921  SysCtlPWMClockSet             
00000935  GPIOPinTypePWM                
00000947  PWMOutputState                
00000959  IntMasterEnable               
00000969  PWMGenPeriodSet               
00000979  __TI_decompress_none          
00000987  CPUcpsie                      
00000993  PWMGenEnable                  
0000099f  ResetISR                      
000009ab  PWMGenIntTrigEnable           
000009b5  PWMIntEnable                  
000009bd  GPIOPinWrite                  
000009c3  SysCtlDelay                   
000009c9  PWMFaultIntClearExt           
000009cd  _system_pre_init              
000009d1  C$$EXIT                       
000009d1  abort                         
00000ae4  __TI_Handler_Table_Base       
00000aec  __TI_CINIT_Base               
00000aec  __TI_Handler_Table_Limit      
00000af4  __TI_CINIT_Limit              
20000000  __stack                       
20000200  __STACK_END                   
20000200  __STACK_TOP                   
20000200  clockCounter                  
20000204  clockRoll                     
20000208  invert                        
ffffffff  __TI_pprof_out_hndl           
ffffffff  __TI_prof_data_size           
ffffffff  __TI_prof_data_start          
ffffffff  __binit__                     
ffffffff  __c_args__                    
ffffffff  binit                         
UNDEFED   __mpu_init                    
UNDEFED   _system_post_cinit            

[57 symbols]
