******************************************************************************
                  TI ARM Linker PC v18.1.1                     
******************************************************************************
>> Linked Fri Dec 20 15:37:15 2019

OUTPUT FILE NAME:   <TCD1304-CCD-Control1.out>
ENTRY POINT SYMBOL: "_c_int00_noargs"  address: 00005605


MEMORY CONFIGURATION

         name            origin    length      used     unused   attr    fill
----------------------  --------  ---------  --------  --------  ----  --------
  FLASH                 00000000   00040000  000065e4  00039a1c  R  X
  SRAM                  20000000   00008000  00004421  00003bdf  RW X


SEGMENT ALLOCATION MAP

run origin  load origin   length   init length attrs members
----------  ----------- ---------- ----------- ----- -------
00000000    00000000    000065e8   000065e8    r-x
  00000000    00000000    0000026c   0000026c    r-- .intvecs
  0000026c    0000026c    00005eac   00005eac    r-x .text
  00006118    00006118    00000394   00000394    r-- .const
  000064b0    000064b0    00000138   00000138    r-- .cinit
20000000    20000000    00004428   00000000    rw-
  20000000    20000000    0000026c   00000000    rw- .vtable
  2000026c    2000026c    00003b8c   00000000    rw- .data
  20003df8    20003df8    00000429   00000000    rw- .bss
  20004228    20004228    00000200   00000000    rw- .stack


SECTION ALLOCATION MAP

 output                                  attributes/
section   page    origin      length       input sections
--------  ----  ----------  ----------   ----------------
.intvecs   0    00000000    0000026c     
                  00000000    0000026c     tm4c123gh6pm_startup_ccs.obj (.intvecs)

.text      0    0000026c    00005eac     
                  0000026c    000015b6     usb.obj (.text)
                  00001822    00000002     driverlib.lib : interrupt.obj (.text:_IntDefaultHandler)
                  00001824    00001550     main.obj (.text)
                  00002d74    00000160     usblib.lib : usbdma.obj (.text:USBLibDMAInit)
                  00002ed4    00000150                : usbdenum.obj (.text:USBDCDInit)
                  00003024    00000150                : usbdenum.obj (.text:USBDEP0StateTxConfig)
                  00003174    00000150                : usbdenum.obj (.text:USBDeviceIntHandlerInternal)
                  000032c4    00000148                : usbdconfig.obj (.text:USBDeviceConfig)
                  0000340c    00000132     driverlib.lib : gpio.obj (.text:GPIOPadConfigSet)
                  0000353e    00000002     usblib.lib : usbdma.obj (.text:iDMAUSBArbSizeSet)
                  00003540    00000110     driverlib.lib : sysctl.obj (.text:SysCtlClockGet)
                  00003650    000000f4                   : sysctl.obj (.text:SysCtlClockSet)
                  00003744    000000f4     usblib.lib : usbdma.obj (.text:iDMAUSBTransfer)
                  00003838    000000e4                : usbdenum.obj (.text:USBDGetDescriptor)
                  0000391c    000000d8                : usbdcdc.obj (.text:USBDCDCCompositeInit)
                  000039f4    000000d8                : usbdenum.obj (.text:USBDeviceEnumHandler)
                  00003acc    000000d4                : usbdcdc.obj (.text:HandleRequests)
                  00003ba0    000000c4     driverlib.lib : eeprom.obj (.text:EEPROMProgram)
                  00003c64    000000c4     usblib.lib : usbdma.obj (.text:uDMAUSBChannelAllocate)
                  00003d28    000000be                : usbbuffer.obj (.text:HandleRxAvailable)
                  00003de6    000000bc                : usbdma.obj (.text:uDMAUSBTransfer)
                  00003ea2    000000b4                : usbdcdc.obj (.text:HandleDevice)
                  00003f56    0000009c     rtsv7M4_T_le_v4SPD16_eabi.lib : memcpy_t2.asm.obj (.text)
                  00003ff2    00000002     usblib.lib : usbdma.obj (.text:iDMAUSBUnitSizeSet)
                  00003ff4    00000098                : usbdenum.obj (.text:USBDSetInterface)
                  0000408c    00000096                : usbdcdc.obj (.text:CDCTickHandler)
                  00004122    00000094                : usbdcdc.obj (.text:SendSerialState)
                  000041b6    00000092                : usbbuffer.obj (.text:ScheduleNextTransmission)
                  00004248    00000090                : usbdcdc.obj (.text:USBDCDCPacketRead)
                  000042d8    00000090                : usbdenum.obj (.text:USBDSetConfiguration)
                  00004368    0000008c                : usbdconfig.obj (.text:USBDeviceConfigAlternate)
                  000043f4    00000084                : usbdma.obj (.text:iDMAUSBChannelAllocate)
                  00004478    00000084     driverlib.lib : udma.obj (.text:uDMAChannelTransferSet)
                  000044fc    00000080     usblib.lib : usbdenum.obj (.text:USBDClearFeature)
                  0000457c    0000007a     driverlib.lib : adc.obj (.text:ADCSequenceStepConfigure)
                  000045f6    0000007a     rtsv7M4_T_le_v4SPD16_eabi.lib : memset_t2.asm.obj (.text)
                  00004670    00000078     usblib.lib : usbdenum.obj (.text:USBDGetStatus)
                  000046e8    00000072                : usbdcdc.obj (.text:ProcessDataFromHost)
                  0000475a    00000002     rtsv7M4_T_le_v4SPD16_eabi.lib : div0.asm.obj (.text)
                  0000475c    00000070     usblib.lib : usbdenum.obj (.text:USBDEP0StateTx)
                  000047cc    00000070                : usbdma.obj (.text:uDMAUSBArbSizeSet)
                  0000483c    00000070                : usbdma.obj (.text:uDMAUSBUnitSizeSet)
                  000048ac    0000006c                : usbdcdc.obj (.text:ProcessDataToHost)
                  00004918    0000006c                : usbdenum.obj (.text:USBDSetFeature)
                  00004984    00000068     driverlib.lib : interrupt.obj (.text:IntDisable)
                  000049ec    00000068                   : interrupt.obj (.text:IntEnable)
                  00004a54    00000068     rtsv7M4_T_le_v4SPD16_eabi.lib : copy_decompress_lzss.c.obj (.text:decompress:lzss:__TI_decompress_lzss)
                  00004abc    00000064     driverlib.lib : interrupt.obj (.text:IntIsEnabled)
                  00004b20    00000064     usblib.lib : usbbuffer.obj (.text:USBBufferEventCallback)
                  00004b84    00000064                : usbdma.obj (.text:uDMAUSBChannelEnable)
                  00004be8    00000060     driverlib.lib : timer.obj (.text:TimerConfigure)
                  00004c48    00000060     usblib.lib : usbdcdc.obj (.text:USBDCDCPacketWrite)
                  00004ca8    00000060                : usbdenum.obj (.text:USBDReadAndDispatchRequest)
                  00004d08    00000058     driverlib.lib : timer.obj (.text:TimerControlTrigger)
                  00004d60    00000056     usblib.lib : usbdma.obj (.text:uDMAUSBChannelRelease)
                  00004db6    00000052                : usbulpi.obj (.text:ULPIConfigSet)
                  00004e08    00000050     driverlib.lib : adc.obj (.text:ADCSequenceConfigure)
                  00004e58    00000050                   : sysctl.obj (.text:SysCtlPeripheralReset)
                  00004ea8    00000050     usblib.lib : usbdcdc.obj (.text:USBDCDCInit)
                  00004ef8    00000050                : usbdcdesc.obj (.text:USBDCDConfigDescGet)
                  00004f48    00000050                : usbdenum.obj (.text:USBDeviceResumeTickHandler)
                  00004f98    0000004c                : usbdconfig.obj (.text:GetEPDescriptorType)
                  00004fe4    0000004c                : usbdenum.obj (.text:USBDStringIndexFromRequest)
                  00005030    0000004c                : usbdma.obj (.text:iDMAUSBChannelEnable)
                  0000507c    0000004a                : usbdcdesc.obj (.text:ConfigAlternateInterfaceGet)
                  000050c6    0000004a                : usbdcdc.obj (.text:HandleEP0Data)
                  00005110    0000004a                : usbdcdc.obj (.text:HandleEndpoints)
                  0000515a    0000004a                : usbdma.obj (.text:uDMAUSBChannelDisable)
                  000051a4    00000048     driverlib.lib : gpio.obj (.text:GPIOPinConfigure)
                  000051ec    00000048     usblib.lib : usbdenum.obj (.text:USBDeviceEnumResetHandler)
                  00005234    00000048     driverlib.lib : udma.obj (.text:uDMAChannelAttributeDisable)
                  0000527c    00000044     usblib.lib : usbdenum.obj (.text:USBDCDDeviceInfoInit)
                  000052c0    00000044                : usbdenum.obj (.text:USBDGetInterface)
                  00005304    00000044     rtsv7M4_T_le_v4SPD16_eabi.lib : autoinit.c.obj (.text:__TI_auto_init_nobinit_nopinit:__TI_auto_init_nobinit_nopinit)
                  00005348    00000040     driverlib.lib : eeprom.obj (.text:EEPROMInit)
                  00005388    00000040     rtsv7M4_T_le_v4SPD16_eabi.lib : u_divt2.asm.obj (.text)
                  000053c8    0000003c     driverlib.lib : ssi.obj (.text:SSIConfigSetExpClk)
                  00005404    0000003c                   : eeprom.obj (.text:_EEPROMSectorMaskSet)
                  00005440    0000003c     usblib.lib : usbdma.obj (.text:iDMAUSBChannelRelease)
                  0000547c    00000038     driverlib.lib : eeprom.obj (.text:EEPROMRead)
                  000054b4    00000038     usblib.lib : usbtick.obj (.text:InternalUSBRegisterTickHandler)
                  000054ec    00000038                : usbtick.obj (.text:InternalUSBStartOfFrameTick)
                  00005524    00000038                : usbdcdc.obj (.text:SendBreak)
                  0000555c    00000038     driverlib.lib : sysctl.obj (.text:SysCtlPeripheralReady)
                  00005594    00000038     usblib.lib : usbdcdesc.obj (.text:USBDCDConfigGetInterfaceEndpoint)
                  000055cc    00000038                : usbringbuf.obj (.text:USBRingBufAdvanceWrite)
                  00005604    00000038     rtsv7M4_T_le_v4SPD16_eabi.lib : boot_cortex_m.c.obj (.text:_c_int00_noargs:_c_int00_noargs)
                  0000563c    00000034     usblib.lib : usbdcdc.obj (.text:HandleConfigChange)
                  00005670    00000034     driverlib.lib : interrupt.obj (.text:IntRegister)
                  000056a4    00000034                   : sysctl.obj (.text:SysCtlPeripheralEnable)
                  000056d8    00000034                   : eeprom.obj (.text:_EEPROMSectorMaskClear)
                  0000570c    00000034     usblib.lib : usbdma.obj (.text:iDMAUSBChannelStatus)
                  00005740    00000032                : usbdcdesc.obj (.text:NextConfigDescGet)
                  00005772    00000032                : usbdcdc.obj (.text:ProcessNotificationToHost)
                  000057a4    00000032                : usbdma.obj (.text:iDMAUSBChannelDisable)
                  000057d6    00000030                : usbdma.obj (.text:DMAUSBIntHandler)
                  00005806    00000002                : usbdma.obj (.text:uDMAUSBChannelIntDisable)
                  00005808    00000030                : usbtick.obj (.text:InternalUSBTickInit)
                  00005838    00000030                : usbdenum.obj (.text:USBDGetConfiguration)
                  00005868    00000030                : usbringbuf.obj (.text:UpdateIndexAtomic)
                  00005898    0000002e     driverlib.lib : adc.obj (.text:ADCIntStatus)
                  000058c6    0000002e     usblib.lib : usbbuffer.obj (.text:USBBufferWrite)
                  000058f4    0000002e                : usbdcdc.obj (.text:USBDCDCRxPacketAvailable)
                  00005922    0000002c                : usbdesc.obj (.text:USBDescGet)
                  0000594e    0000002c                : usbdma.obj (.text:uDMAUSBIntStatus)
                  0000597a    0000002a     driverlib.lib : gpio.obj (.text:GPIODirModeSet)
                  000059a4    0000002a     usblib.lib : usbbuffer.obj (.text:HandleRequestBuffer)
                  000059ce    0000002a                : usbdcdesc.obj (.text:USBDCDConfigDescGetNum)
                  000059f8    0000002a                : usbdesc.obj (.text:USBDescGetNum)
                  00005a22    00000028     driverlib.lib : timer.obj (.text:TimerUpdateMode)
                  00005a4a    00000028     usblib.lib : usbbuffer.obj (.text:USBBufferRead)
                  00005a72    00000002                : usbdma.obj (.text:uDMAUSBChannelIntEnable)
                  00005a74    00000028                : usbdenum.obj (.text:USBDSetAddress)
                  00005a9c    00000028     driverlib.lib : udma.obj (.text:uDMAChannelModeGet)
                  00005ac4    00000024     usblib.lib : usbdcdc.obj (.text:HandleDisconnect)
                  00005ae8    00000024                : usbdcdc.obj (.text:SendLineStateChange)
                  00005b0c    00000024                : usbmode.obj (.text:USBStackModeSet)
                  00005b30    00000024     driverlib.lib : udma.obj (.text:uDMAChannelControlSet)
                  00005b54    00000024     usbdhandler.obj (.text)
                  00005b78    00000022     driverlib.lib : pwm.obj (.text:PWMGenConfigure)
                  00005b9a    00000022     usblib.lib : usbdcdc.obj (.text:SendLineCodingChange)
                  00005bbc    00000022                : usbdma.obj (.text:uDMAUSBChannelStatus)
                  00005bde    00000020                : usbdcdc.obj (.text:CheckAndSendBreak)
                  00005bfe    00000020                : usbdconfig.obj (.text:GetEndpointFIFOSize)
                  00005c1e    00000020                : usbbuffer.obj (.text:HandleDataRemaining)
                  00005c3e    00000020                : usbringbuf.obj (.text:USBRingBufAdvanceRead)
                  00005c5e    0000001e     driverlib.lib : adc.obj (.text:ADCSequenceDataGet)
                  00005c7c    0000001e                   : pwm.obj (.text:PWMPulseWidthSet)
                  00005c9a    0000001e     usblib.lib : usbringbuf.obj (.text:USBRingBufContigFree)
                  00005cb8    0000001c                : usbdcdesc.obj (.text:USBDCDConfigGetInterface)
                  00005cd4    0000001c                : usbdenum.obj (.text:USBDCDStallEP0)
                  00005cf0    0000001c                : usbringbuf.obj (.text:USBRingBufRead)
                  00005d0c    0000001c                : usbringbuf.obj (.text:USBRingBufWrite)
                  00005d28    0000001a                : usbdcdc.obj (.text:DeviceConsumedAllData)
                  00005d42    0000001a                : usbdcdesc.obj (.text:USBDCDConfigDescGetSize)
                  00005d5c    00000018                : usbdcdc.obj (.text:SetDeferredOpFlag)
                  00005d74    00000018     driverlib.lib : timer.obj (.text:TimerControlLevel)
                  00005d8c    00000018     usblib.lib : usbbuffer.obj (.text:USBBufferInit)
                  00005da4    00000018                : usbdenum.obj (.text:USBDCDFeatureGet)
                  00005dbc    00000018                : usbdenum.obj (.text:USBDSetDescriptor)
                  00005dd4    00000018                : usbdenum.obj (.text:USBDSyncFrame)
                  00005dec    00000018     driverlib.lib : udma.obj (.text:uDMAChannelDisable)
                  00005e04    00000018                   : udma.obj (.text:uDMAChannelEnable)
                  00005e1c    00000016     usblib.lib : usbdcdc.obj (.text:CheckAndSendLineCodingChange)
                  00005e32    00000016                : usbdcdc.obj (.text:CheckAndSendLineStateChange)
                  00005e48    00000016                : usbringbuf.obj (.text:USBRingBufFlush)
                  00005e5e    00000016                : usbringbuf.obj (.text:USBRingBufReadOne)
                  00005e74    00000016                : usbringbuf.obj (.text:USBRingBufUsed)
                  00005e8a    00000014                : usbbuffer.obj (.text:HandleTxComplete)
                  00005e9e    00000002     --HOLE-- [fill = 0]
                  00005ea0    00000014     driverlib.lib : interrupt.obj (.text:IntUnregister)
                  00005eb4    00000014                   : sysctl.obj (.text:SysCtlPWMClockSet)
                  00005ec8    00000014                   : sysctl.obj (.text:SysCtlUSBPLLEnable)
                  00005edc    00000014     usblib.lib : usbdcdc.obj (.text:USBDCDCTxPacketAvailable)
                  00005ef0    00000014                : usbdenum.obj (.text:USBDCDRequestDataEP0)
                  00005f04    00000014                : usbdenum.obj (.text:USBDCDSendDataEP0)
                  00005f18    00000012     driverlib.lib : gpio.obj (.text:GPIOPinTypeADC)
                  00005f2a    00000012                   : gpio.obj (.text:GPIOPinTypePWM)
                  00005f3c    00000012                   : gpio.obj (.text:GPIOPinTypeSSI)
                  00005f4e    00000012                   : gpio.obj (.text:GPIOPinTypeTimer)
                  00005f60    00000012     usblib.lib : usbdcdc.obj (.text:HandleResume)
                  00005f72    00000012                : usbdcdc.obj (.text:HandleSuspend)
                  00005f84    00000012     driverlib.lib : pwm.obj (.text:PWMOutputState)
                  00005f96    00000012                   : timer.obj (.text:TimerLoadSet)
                  00005fa8    00000012                   : timer.obj (.text:TimerMatchSet)
                  00005fba    00000012     usblib.lib : usbringbuf.obj (.text:USBRingBufFree)
                  00005fcc    00000010     driverlib.lib : adc.obj (.text:ADCIntEnable)
                  00005fdc    00000010                   : interrupt.obj (.text:IntMasterDisable)
                  00005fec    00000010                   : interrupt.obj (.text:IntMasterEnable)
                  00005ffc    00000010                   : pwm.obj (.text:PWMGenPeriodSet)
                  0000600c    00000010     usblib.lib : usbringbuf.obj (.text:USBRingBufContigUsed)
                  0000601c    00000010                : usbringbuf.obj (.text:USBRingBufWriteOne)
                  0000602c    00000010     driverlib.lib : eeprom.obj (.text:_EEPROMWaitForDone)
                  0000603c    0000000e                   : adc.obj (.text:ADCSequenceEnable)
                  0000604a    0000000e     usblib.lib : usbdma.obj (.text:DMAUSBIntStatusClear)
                  00006058    0000000e     driverlib.lib : timer.obj (.text:TimerEnable)
                  00006066    0000000e     rtsv7M4_T_le_v4SPD16_eabi.lib : copy_decompress_none.c.obj (.text:decompress:none:__TI_decompress_none)
                  00006074    0000000c     driverlib.lib : cpu.obj (.text:CPUcpsid)
                  00006080    0000000c                   : cpu.obj (.text:CPUcpsie)
                  0000608c    0000000c                   : pwm.obj (.text:PWMGenEnable)
                  00006098    0000000c     usblib.lib : usbringbuf.obj (.text:USBRingBufInit)
                  000060a4    0000000c     rtsv7M4_T_le_v4SPD16_eabi.lib : copy_zero_init.c.obj (.text:decompress:ZI:__TI_zero_init)
                  000060b0    0000000c     tm4c123gh6pm_startup_ccs.obj (.text)
                  000060bc    0000000a     driverlib.lib : adc.obj (.text:ADCIntClear)
                  000060c6    0000000a                   : ssi.obj (.text:SSIDataPut)
                  000060d0    0000000a                   : ssi.obj (.text:SSIEnable)
                  000060da    00000008                   : timer.obj (.text:TimerIntEnable)
                  000060e2    00000008     usblib.lib : usbdma.obj (.text:iDMAUSBChannelIntDisable)
                  000060ea    00000008                : usbdma.obj (.text:iDMAUSBChannelIntEnable)
                  000060f2    00000006     driverlib.lib : sysctl.obj (.text:SysCtlDelay)
                  000060f8    00000006     usblib.lib : usbbuffer.obj (.text:USBBufferFlush)
                  000060fe    00000006                : usbdma.obj (.text:iDMAUSBIntStatus)
                  00006104    00000004                : usbdma.obj (.text:DMAUSBStatus)
                  00006108    00000004     driverlib.lib : timer.obj (.text:TimerADCEventSet)
                  0000610c    00000004                   : timer.obj (.text:TimerIntClear)
                  00006110    00000004     rtsv7M4_T_le_v4SPD16_eabi.lib : pre_init.c.obj (.text:_system_pre_init)
                  00006114    00000004                                   : exit.c.obj (.text:abort:abort)

.const     0    00006118    00000394     
                  00006118    00000090     driverlib.lib : gpio.obj (.const:g_pui32GPIOBaseAddrs)
                  000061a8    00000070                   : interrupt.obj (.const)
                  00006218    0000006c                   : sysctl.obj (.const:g_pui32Xtals)
                  00006284    00000058     usblib.lib : usbdcdc.obj (.const)
                  000062dc    00000036     usb_serial_structs.obj (.const:.string:g_pui8ConfigString)
                  00006312    00000002     main.obj (.const:.string:$P$T2$4)
                  00006314    00000034     usblib.lib : usbdenum.obj (.const:g_psUSBDStdRequests)
                  00006348    00000030                : usbdcdc.obj (.const:g_sCDCHandlers)
                  00006378    0000002e                : usbdcdc.obj (.const:.string)
                  000063a6    0000002c     usb_serial_structs.obj (.const:.string:g_pui8ControlInterfaceString)
                  000063d2    00000024     usb_serial_structs.obj (.const:.string:g_pui8ManufacturerString)
                  000063f6    00000023     usblib.lib : usbdcdc.obj (.const:.string:g_pui8CDCSerCommInterface)
                  00006419    00000022     usb_serial_structs.obj (.const:.string:g_pui8ProductString)
                  0000643b    00000001     --HOLE-- [fill = 0]
                  0000643c    00000018     usb_serial_structs.obj (.const:g_ppui8StringDescriptors)
                  00006454    00000012     usb_serial_structs.obj (.const:.string:g_pui8SerialNumberString)
                  00006466    00000002     main.obj (.const:.string:$P$T3$5)
                  00006468    00000012     main.obj (.const:.string)
                  0000647a    00000002     --HOLE-- [fill = 0]
                  0000647c    0000000c     main.obj (.const:g_ui32UARTBase)
                  00006488    0000000c     main.obj (.const:g_ui32UARTPeriph)
                  00006494    00000008     main.obj (.const:$P$T0$2)
                  0000649c    00000005     main.obj (.const:.string:$P$T1$3)
                  000064a1    00000004     usb_serial_structs.obj (.const:.string:g_pui8LangDescriptor)
                  000064a5    00000003     --HOLE-- [fill = 0]
                  000064a8    00000004     main.obj (.const)

.cinit     0    000064b0    00000138     
                  000064b0    000000fd     (.cinit..data.load) [load image, compression = lzss]
                  000065ad    00000003     --HOLE-- [fill = 0]
                  000065b0    0000000c     (__TI_handler_table)
                  000065bc    00000004     --HOLE-- [fill = 0]
                  000065c0    00000008     (.cinit..bss.load) [load image, compression = zero_init]
                  000065c8    00000008     (.cinit..vtable.load) [load image, compression = zero_init]
                  000065d0    00000018     (__TI_cinit_table)

.init_array 
*          0    00000000    00000000     UNINITIALIZED

.vtable    0    20000000    0000026c     UNINITIALIZED
                  20000000    0000026c     driverlib.lib : interrupt.obj (.vtable)

.data      0    2000026c    00003b8c     UNINITIALIZED
                  2000026c    000039b8     main.obj (.data:data)
                  20003c24    00000060     usb_serial_structs.obj (.data:g_sCDCDevice)
                  20003c84    0000005e     usblib.lib : usbdcdc.obj (.data)
                  20003ce2    00000002     --HOLE--
                  20003ce4    00000059     main.obj (.data)
                  20003d3d    00000003     --HOLE--
                  20003d40    00000038     usb_serial_structs.obj (.data:g_sRxBuffer)
                  20003d78    00000038     usb_serial_structs.obj (.data:g_sTxBuffer)
                  20003db0    0000000c     usblib.lib : usbtick.obj (.data)
                  20003dbc    00000009                : usbmode.obj (.data)
                  20003dc5    00000008     main.obj (.data:ABC0)
                  20003dcd    00000008     main.obj (.data:ABC1)
                  20003dd5    00000008     main.obj (.data:ABC2)
                  20003ddd    00000003     --HOLE--
                  20003de0    00000008     usblib.lib : usbdenum.obj (.data)
                  20003de8    00000006     main.obj (.data:serial)
                  20003dee    00000005     main.obj (.data:ampChars)
                  20003df3    00000005     main.obj (.data:offChars)

.bss       0    20003df8    00000429     UNINITIALIZED
                  20003df8    00000110     usblib.lib : usbdma.obj (.bss:g_psUSBDMAInst)
                  20003f08    00000100     (.common:g_pui8USBRxBuffer)
                  20004008    00000100     (.common:g_pui8USBTxBuffer)
                  20004108    00000050                : usbdenum.obj (.bss:g_psDCDInst)
                  20004158    00000040                : usbdenum.obj (.bss:g_pui8DataBufferIn)
                  20004198    00000018     (.common:g_pfnTickHandlers)
                  200041b0    00000018     (.common:g_pvTickInstance)
                  200041c8    00000018     (.common:value)
                  200041e0    00000004     (.common:ICGMatch)
                  200041e4    00000004     (.common:SHMatch)
                  200041e8    00000004     (.common:ampVal)
                  200041ec    00000004     (.common:g_pcStatus)
                  200041f0    00000004     (.common:g_pfnUSBModeCallback)
                  200041f4    00000004     (.common:g_ppsDevInfo)
                  200041f8    00000004     (.common:g_ui32ULPISupport)
                  200041fc    00000004     (.common:offset)
                  20004200    00000004     (.common:report)
                  20004204    00000004     (.common:ui32ABC0A)
                  20004208    00000004     (.common:ui32ABC0B)
                  2000420c    00000004     (.common:ui32ABC1A)
                  20004210    00000004     (.common:ui32ABC1B)
                  20004214    00000004     (.common:ui32ABC2A)
                  20004218    00000004     (.common:ui32ABC2B)
                  2000421c    00000004     (.common:ui32Serial)
                  20004220    00000001     (.common:count)

.stack     0    20004228    00000200     UNINITIALIZED
                  20004228    00000004     rtsv7M4_T_le_v4SPD16_eabi.lib : boot_cortex_m.c.obj (.stack)
                  2000422c    000001fc     --HOLE--

MODULE SUMMARY

       Module                         code    ro data   rw data
       ------                         ----    -------   -------
    .\
       main.obj                       5456    63        14982  
       usb_serial_structs.obj         0       214       720    
       tm4c123gh6pm_startup_ccs.obj   12      620       0      
       usbdhandler.obj                36      0         0      
    +--+------------------------------+-------+---------+---------+
       Total:                         5504    897       15702  
                                                               
    .\utils\
       usb.obj                        5558    0         0      
    +--+------------------------------+-------+---------+---------+
       Total:                         5558    0         0      
                                                               
    C:/ti/TivaWare_C_Series-2.1.4.178/driverlib/ccs/Debug/driverlib.lib
       interrupt.obj                  414     112       620    
       sysctl.obj                     750     108       0      
       gpio.obj                       492     144       0      
       eeprom.obj                     444     0         0      
       udma.obj                       328     0         0      
       adc.obj                        318     0         0      
       timer.obj                      314     0         0      
       pwm.obj                        110     0         0      
       ssi.obj                        80      0         0      
       cpu.obj                        24      0         0      
    +--+------------------------------+-------+---------+---------+
       Total:                         3274    364       620    
                                                               
    C:/ti/TivaWare_C_Series-2.1.4.178/usblib/ccs/Debug/usblib.lib
       usbdenum.obj                   2904    52        160    
       usbdcdc.obj                    2088    217       94     
       usbdma.obj                     2008    0         272    
       usbbuffer.obj                  646     0         0      
       usbdconfig.obj                 576     0         0      
       usbdcdesc.obj                  356     0         0      
       usbringbuf.obj                 350     0         0      
       usbtick.obj                    160     0         60     
       usbdesc.obj                    86      0         0      
       usbulpi.obj                    82      0         0      
       usbmode.obj                    36      0         13     
    +--+------------------------------+-------+---------+---------+
       Total:                         9292    269       599    
                                                               
    C:\ti\ccsv8\tools\compiler\ti-cgt-arm_18.1.1.LTS\lib\rtsv7M4_T_le_v4SPD16_eabi.lib
       memcpy_t2.asm.obj              156     0         0      
       memset_t2.asm.obj              122     0         0      
       copy_decompress_lzss.c.obj     104     0         0      
       autoinit.c.obj                 68      0         0      
       u_divt2.asm.obj                64      0         0      
       boot_cortex_m.c.obj            56      0         0      
       copy_decompress_none.c.obj     14      0         0      
       copy_zero_init.c.obj           12      0         0      
       exit.c.obj                     4       0         0      
       pre_init.c.obj                 4       0         0      
       div0.asm.obj                   2       0         0      
    +--+------------------------------+-------+---------+---------+
       Total:                         606     0         0      
                                                               
       Stack:                         0       0         512    
       Linker Generated:              0       305       0      
    +--+------------------------------+-------+---------+---------+
       Grand Total:                   24234   1835      17433  


LINKER GENERATED COPY TABLES

__TI_cinit_table @ 000065d0 records: 3, size/record: 8, table size: 24
	.data: load addr=000064b0, load size=000000fd bytes, run addr=2000026c, run size=00003b8c bytes, compression=lzss
	.bss: load addr=000065c0, load size=00000008 bytes, run addr=20003df8, run size=00000429 bytes, compression=zero_init
	.vtable: load addr=000065c8, load size=00000008 bytes, run addr=20000000, run size=0000026c bytes, compression=zero_init


LINKER GENERATED HANDLER TABLE

__TI_handler_table @ 000065b0 records: 3, size/record: 4, table size: 12
	index: 0, handler: __TI_zero_init
	index: 1, handler: __TI_decompress_lzss
	index: 2, handler: __TI_decompress_none


GLOBAL SYMBOLS: SORTED ALPHABETICALLY BY Name 

address   name                            
-------   ----                            
20003dc5  ABC0                            
20003dcd  ABC1                            
20003dd5  ABC2                            
00002ba5  ADC0IntHandler                  
20003ced  ADCFlag                         
000060bd  ADCIntClear                     
00005fcd  ADCIntEnable                    
00005899  ADCIntStatus                    
20003d1c  ADCLatency                      
00004e09  ADCSequenceConfigure            
00005c5f  ADCSequenceDataGet              
0000603d  ADCSequenceEnable               
0000457d  ADCSequenceStepConfigure        
20003d34  ADCtrigger                      
00006115  C$$EXIT                         
00006075  CPUcpsid                        
00006081  CPUcpsie                        
0000213d  ControlHandler                  
00005349  EEPROMInit                      
00003ba1  EEPROMProgram                   
0000547d  EEPROMRead                      
0000597b  GPIODirModeSet                  
0000340d  GPIOPadConfigSet                
000051a5  GPIOPinConfigure                
00005f19  GPIOPinTypeADC                  
00005f2b  GPIOPinTypePWM                  
00005f3d  GPIOPinTypeSSI                  
00005f4f  GPIOPinTypeTimer                
00002c75  ICGIntHandler                   
200041e0  ICGMatch                        
20003d08  ICGPeriod                       
20003d0c  ICGdelay                        
00004985  IntDisable                      
000049ed  IntEnable                       
00004abd  IntIsEnabled                    
00005fdd  IntMasterDisable                
00005fed  IntMasterEnable                 
00005671  IntRegister                     
00005ea1  IntUnregister                   
000054b5  InternalUSBRegisterTickHandler  
000054ed  InternalUSBStartOfFrameTick     
00005809  InternalUSBTickInit             
00002b89  PWM1IntHandler                  
00005b79  PWMGenConfigure                 
0000608d  PWMGenEnable                    
00005ffd  PWMGenPeriodSet                 
00005f85  PWMOutputState                  
00005c7d  PWMPulseWidthSet                
000046e9  ProcessDataFromHost             
000048ad  ProcessDataToHost               
00005773  ProcessNotificationToHost       
000060b1  ResetISR                        
00002235  RxHandler                       
200041e4  SHMatch                         
20003d18  SHdelay                         
000053c9  SSIConfigSetExpClk              
000060c7  SSIDataPut                      
000060d1  SSIEnable                       
00003541  SysCtlClockGet                  
00003651  SysCtlClockSet                  
000060f3  SysCtlDelay                     
00005eb5  SysCtlPWMClockSet               
000056a5  SysCtlPeripheralEnable          
0000555d  SysCtlPeripheralReady           
00004e59  SysCtlPeripheralReset           
00005ec9  SysCtlUSBPLLEnable              
00002b7d  SysTickIntHandler               
00002b87  Timer0IntHandler                
00006109  TimerADCEventSet                
00004be9  TimerConfigure                  
00005d75  TimerControlLevel               
00004d09  TimerControlTrigger             
00006059  TimerEnable                     
0000610d  TimerIntClear                   
000060db  TimerIntEnable                  
00005f97  TimerLoadSet                    
00005fa9  TimerMatchSet                   
00005a23  TimerUpdateMode                 
000027e7  TxHandler                       
00001825  UARTStdioConfig                 
0000199d  UARTgetc                        
000018d7  UARTgets                        
00001ccb  UARTprintf                      
000019d1  UARTvprintf                     
00001885  UARTwrite                       
00004db7  ULPIConfigSet                   
00005b55  USB0DeviceIntHandler            
00004b21  USBBufferEventCallback          
000060f9  USBBufferFlush                  
00005d8d  USBBufferInit                   
00005a4b  USBBufferRead                   
000058c7  USBBufferWrite                  
0000145f  USBClockDisable                 
00001443  USBClockEnable                  
0000142f  USBControllerVersion            
0000391d  USBDCDCCompositeInit            
00004ea9  USBDCDCInit                     
00004249  USBDCDCPacketRead               
00004c49  USBDCDCPacketWrite              
000058f5  USBDCDCRxPacketAvailable        
00005edd  USBDCDCTxPacketAvailable        
00004ef9  USBDCDConfigDescGet             
000059cf  USBDCDConfigDescGetNum          
00005d43  USBDCDConfigDescGetSize         
00005cb9  USBDCDConfigGetInterface        
00005595  USBDCDConfigGetInterfaceEndpoint
0000527d  USBDCDDeviceInfoInit            
00005da5  USBDCDFeatureGet                
00002ed5  USBDCDInit                      
00005ef1  USBDCDRequestDataEP0            
00005f05  USBDCDSendDataEP0               
00005cd5  USBDCDStallEP0                  
00001597  USBDMAChannelAddressGet         
0000157b  USBDMAChannelAddressSet         
00001501  USBDMAChannelConfigSet          
000015cb  USBDMAChannelCountGet           
000015af  USBDMAChannelCountSet           
000014e1  USBDMAChannelDisable            
000014c1  USBDMAChannelEnable             
00001491  USBDMAChannelIntDisable         
00001471  USBDMAChannelIntEnable          
000014b1  USBDMAChannelIntStatus          
00001531  USBDMAChannelStatus             
00001551  USBDMAChannelStatusClear        
000015e3  USBDMANumChannels               
00005923  USBDescGet                      
000059f9  USBDescGetNum                   
0000089d  USBDevAddrGet                   
00000889  USBDevAddrSet                   
0000085d  USBDevConnect                   
00000873  USBDevDisconnect                
00000bd3  USBDevEndpointConfigGet         
00000ae1  USBDevEndpointConfigSet         
00000f5d  USBDevEndpointDataAck           
00000787  USBDevEndpointStall             
000007e9  USBDevEndpointStallClear        
00000601  USBDevEndpointStatusClear       
0000174f  USBDevLPMConfig                 
0000177d  USBDevLPMDisable                
00001765  USBDevLPMEnable                 
00001737  USBDevLPMRemoteWake             
00001397  USBDevMode                      
000003c7  USBDevSpeedGet                  
000032c5  USBDeviceConfig                 
00004369  USBDeviceConfigAlternate        
000039f5  USBDeviceEnumHandler            
000051ed  USBDeviceEnumResetHandler       
00003175  USBDeviceIntHandlerInternal     
00004f49  USBDeviceResumeTickHandler      
00001349  USBEndpointDMAChannel           
00000d8f  USBEndpointDMAConfigSet         
00000e61  USBEndpointDMADisable           
00000e27  USBEndpointDMAEnable            
00000e9b  USBEndpointDataAvail            
00000ed3  USBEndpointDataGet              
00000fcd  USBEndpointDataPut              
00001031  USBEndpointDataSend             
00000721  USBEndpointDataToggleClear      
000013fb  USBEndpointPacketCountSet       
0000058d  USBEndpointStatus               
0000131f  USBFIFOAddrGet                  
00000d29  USBFIFOConfigGet                
00000cc3  USBFIFOConfigSet                
00001089  USBFIFOFlush                    
000012e3  USBFrameNumberGet               
00000335  USBHighSpeed                    
00001199  USBHostAddrGet                  
00001161  USBHostAddrSet                  
000008b1  USBHostEndpointConfig           
00000f9b  USBHostEndpointDataAck          
00000685  USBHostEndpointDataToggle       
0000075b  USBHostEndpointPing             
00000a4b  USBHostEndpointSpeed            
000005b9  USBHostEndpointStatusClear      
0000122b  USBHostHubAddrGet               
000011c7  USBHostHubAddrSet               
000016fb  USBHostLPMConfig                
0000171f  USBHostLPMResume                
000016b3  USBHostLPMSend                  
00001385  USBHostMode                     
00001259  USBHostPwrConfig                
000012cb  USBHostPwrDisable               
000012b3  USBHostPwrEnable                
0000129b  USBHostPwrFaultDisable          
00001283  USBHostPwrFaultEnable           
000010f9  USBHostRequestIN                
00001121  USBHostRequestINClear           
0000114f  USBHostRequestStatus            
00000307  USBHostReset                    
00000363  USBHostResume                   
00000391  USBHostSpeedGet                 
000002f1  USBHostSuspend                  
000003df  USBIntDisableControl            
000004a3  USBIntDisableEndpoint           
0000041d  USBIntEnableControl             
000004d1  USBIntEnableEndpoint            
00000555  USBIntRegister                  
00000457  USBIntStatusControl             
000004ff  USBIntStatusEndpoint            
00000573  USBIntUnregister                
000017a9  USBLPMEndpointGet               
00001809  USBLPMIntDisable                
000017ef  USBLPMIntEnable                 
000017df  USBLPMIntStatus                 
00001795  USBLPMLinkStateGet              
000017c5  USBLPMRemoteWakeEnabled         
00002d75  USBLibDMAInit                   
000013bb  USBModeConfig                   
00001335  USBModeGet                      
0000141b  USBNumEndpointsGet              
000013a9  USBOTGMode                      
000012f1  USBOTGSessionRequest            
000013cf  USBPHYPowerOff                  
000013e5  USBPHYPowerOn                   
00005c3f  USBRingBufAdvanceRead           
000055cd  USBRingBufAdvanceWrite          
00005c9b  USBRingBufContigFree            
0000600d  USBRingBufContigUsed            
00005e49  USBRingBufFlush                 
00005fbb  USBRingBufFree                  
00006099  USBRingBufInit                  
00005cf1  USBRingBufRead                  
00005e5f  USBRingBufReadOne               
00005e75  USBRingBufUsed                  
00005d0d  USBRingBufWrite                 
0000601d  USBRingBufWriteOne              
00005b0d  USBStackModeSet                 
000015f5  USBULPIConfig                   
00001623  USBULPIDisable                  
0000160b  USBULPIEnable                   
0000163b  USBULPIRegRead                  
00001673  USBULPIRegWrite                 
20004428  __STACK_END                     
00000200  __STACK_SIZE                    
20004428  __STACK_TOP                     
000065d0  __TI_CINIT_Base                 
000065e8  __TI_CINIT_Limit                
000065b0  __TI_Handler_Table_Base         
000065bc  __TI_Handler_Table_Limit        
00005305  __TI_auto_init_nobinit_nopinit  
00004a55  __TI_decompress_lzss            
00006067  __TI_decompress_none            
ffffffff  __TI_pprof_out_hndl             
ffffffff  __TI_prof_data_size             
ffffffff  __TI_prof_data_start            
00000000  __TI_static_base__              
000060a5  __TI_zero_init                  
0000475b  __aeabi_idiv0                   
0000475b  __aeabi_ldiv0                   
000045f7  __aeabi_memclr                  
000045f7  __aeabi_memclr4                 
000045f7  __aeabi_memclr8                 
00003f57  __aeabi_memcpy                  
00003f57  __aeabi_memcpy4                 
00003f57  __aeabi_memcpy8                 
000045f9  __aeabi_memset                  
000045f9  __aeabi_memset4                 
000045f9  __aeabi_memset8                 
00005389  __aeabi_uidiv                   
00005389  __aeabi_uidivmod                
ffffffff  __binit__                       
ffffffff  __c_args__                      
UNDEFED   __mpu_init                      
20004228  __stack                         
00005605  _c_int00_noargs                 
UNDEFED   _system_post_cinit              
00006111  _system_pre_init                
00006115  abort                           
20003dee  ampChars                        
200041e8  ampVal                          
20003d38  average                         
ffffffff  binit                           
20003d10  clockPeriod                     
20003d11  clockTick                       
20003d04  comma                           
00001e45  convertData                     
20004220  count                           
2000026c  data                            
20003d00  dataCount                       
20003cf4  dataCounter                     
20003db0  g_bUSBTimerInitialized          
20003dbc  g_iUSBMode                      
000062d4  g_pCDCCompSerConfigDescriptors  
000062d8  g_pCDCCompSerConfigDescriptorsHS
200041ec  g_pcStatus                      
20000000  g_pfnRAMVectors                 
20004198  g_pfnTickHandlers               
00000000  g_pfnVectors                    
000062cc  g_ppCDCSerConfigDescriptors     
000062d0  g_ppCDCSerConfigDescriptorsHS   
200041f4  g_ppsDevInfo                    
0000643c  g_ppui8StringDescriptors        
20003cc0  g_psCDCCompSerSections          
20003cd0  g_psCDCCompSerSectionsHS        
20003ca8  g_psCDCSerSections              
20003cb4  g_psCDCSerSectionsHS            
20004108  g_psDCDInst                     
000063f6  g_pui8CDCSerCommInterface       
00006378  g_pui8CDCSerDataInterface       
0000638f  g_pui8CDCSerDataInterfaceHS     
20003c96  g_pui8CDCSerDescriptor          
20003c84  g_pui8CDCSerDeviceDescriptor    
000062dc  g_pui8ConfigString              
000063a6  g_pui8ControlInterfaceString    
20003c9f  g_pui8IADSerDescriptor          
000064a1  g_pui8LangDescriptor            
000063d2  g_pui8ManufacturerString        
00006419  g_pui8ProductString             
00006454  g_pui8SerialNumberString        
20003f08  g_pui8USBRxBuffer               
20004008  g_pui8USBTxBuffer               
200041b0  g_pvTickInstance                
000062bc  g_sCDCCompSerConfigHeader       
000062c4  g_sCDCCompSerConfigHeaderHS     
20003c24  g_sCDCDevice                    
00006348  g_sCDCHandlers                  
00006294  g_sCDCSerCommInterfaceSection   
000062ac  g_sCDCSerConfigHeader           
000062b4  g_sCDCSerConfigHeaderHS         
00006284  g_sCDCSerConfigSection          
0000629c  g_sCDCSerDataInterfaceSection   
000062a4  g_sCDCSerDataInterfaceSectionHS 
0000628c  g_sIADSerConfigSection          
20003d40  g_sRxBuffer                     
20003d78  g_sTxBuffer                     
20003db4  g_ui32CurrentUSBTick            
20003d28  g_ui32Flags                     
20003d30  g_ui32RxCount                   
20003d20  g_ui32SysTickCount              
20003d2c  g_ui32TxCount                   
20003db8  g_ui32USBSOFCount               
20003dc0  g_ui32WaitTicks                 
20003cf1  inWriteSequence                 
20003d14  integrationPeriod               
20003cfc  loopCounter                     
20003cf8  loops                           
00002855  main                            
00003f57  memcpy                          
000045ff  memset                          
20003ce8  mode                            
20003df3  offChars                        
200041fc  offset                          
00001cf3  readParams                      
20004200  report                          
20003cec  runFlag                         
20003cf0  sendFlag                        
20003de8  serial                          
00001e1d  setAmp                          
20003cee  startFlag                       
00005235  uDMAChannelAttributeDisable     
00005b31  uDMAChannelControlSet           
00005ded  uDMAChannelDisable              
00005e05  uDMAChannelEnable               
00005a9d  uDMAChannelModeGet              
00004479  uDMAChannelTransferSet          
20004204  ui32ABC0A                       
20004208  ui32ABC0B                       
2000420c  ui32ABC1A                       
20004210  ui32ABC1B                       
20004214  ui32ABC2A                       
20004218  ui32ABC2B                       
2000421c  ui32Serial                      
200041c8  value                           
00001fdd  writeData                       
00001dd3  writeEEPROM                     
20003cef  writeFlag                       


GLOBAL SYMBOLS: SORTED BY Symbol Address 

address   name                            
-------   ----                            
00000000  __TI_static_base__              
00000000  g_pfnVectors                    
00000200  __STACK_SIZE                    
000002f1  USBHostSuspend                  
00000307  USBHostReset                    
00000335  USBHighSpeed                    
00000363  USBHostResume                   
00000391  USBHostSpeedGet                 
000003c7  USBDevSpeedGet                  
000003df  USBIntDisableControl            
0000041d  USBIntEnableControl             
00000457  USBIntStatusControl             
000004a3  USBIntDisableEndpoint           
000004d1  USBIntEnableEndpoint            
000004ff  USBIntStatusEndpoint            
00000555  USBIntRegister                  
00000573  USBIntUnregister                
0000058d  USBEndpointStatus               
000005b9  USBHostEndpointStatusClear      
00000601  USBDevEndpointStatusClear       
00000685  USBHostEndpointDataToggle       
00000721  USBEndpointDataToggleClear      
0000075b  USBHostEndpointPing             
00000787  USBDevEndpointStall             
000007e9  USBDevEndpointStallClear        
0000085d  USBDevConnect                   
00000873  USBDevDisconnect                
00000889  USBDevAddrSet                   
0000089d  USBDevAddrGet                   
000008b1  USBHostEndpointConfig           
00000a4b  USBHostEndpointSpeed            
00000ae1  USBDevEndpointConfigSet         
00000bd3  USBDevEndpointConfigGet         
00000cc3  USBFIFOConfigSet                
00000d29  USBFIFOConfigGet                
00000d8f  USBEndpointDMAConfigSet         
00000e27  USBEndpointDMAEnable            
00000e61  USBEndpointDMADisable           
00000e9b  USBEndpointDataAvail            
00000ed3  USBEndpointDataGet              
00000f5d  USBDevEndpointDataAck           
00000f9b  USBHostEndpointDataAck          
00000fcd  USBEndpointDataPut              
00001031  USBEndpointDataSend             
00001089  USBFIFOFlush                    
000010f9  USBHostRequestIN                
00001121  USBHostRequestINClear           
0000114f  USBHostRequestStatus            
00001161  USBHostAddrSet                  
00001199  USBHostAddrGet                  
000011c7  USBHostHubAddrSet               
0000122b  USBHostHubAddrGet               
00001259  USBHostPwrConfig                
00001283  USBHostPwrFaultEnable           
0000129b  USBHostPwrFaultDisable          
000012b3  USBHostPwrEnable                
000012cb  USBHostPwrDisable               
000012e3  USBFrameNumberGet               
000012f1  USBOTGSessionRequest            
0000131f  USBFIFOAddrGet                  
00001335  USBModeGet                      
00001349  USBEndpointDMAChannel           
00001385  USBHostMode                     
00001397  USBDevMode                      
000013a9  USBOTGMode                      
000013bb  USBModeConfig                   
000013cf  USBPHYPowerOff                  
000013e5  USBPHYPowerOn                   
000013fb  USBEndpointPacketCountSet       
0000141b  USBNumEndpointsGet              
0000142f  USBControllerVersion            
00001443  USBClockEnable                  
0000145f  USBClockDisable                 
00001471  USBDMAChannelIntEnable          
00001491  USBDMAChannelIntDisable         
000014b1  USBDMAChannelIntStatus          
000014c1  USBDMAChannelEnable             
000014e1  USBDMAChannelDisable            
00001501  USBDMAChannelConfigSet          
00001531  USBDMAChannelStatus             
00001551  USBDMAChannelStatusClear        
0000157b  USBDMAChannelAddressSet         
00001597  USBDMAChannelAddressGet         
000015af  USBDMAChannelCountSet           
000015cb  USBDMAChannelCountGet           
000015e3  USBDMANumChannels               
000015f5  USBULPIConfig                   
0000160b  USBULPIEnable                   
00001623  USBULPIDisable                  
0000163b  USBULPIRegRead                  
00001673  USBULPIRegWrite                 
000016b3  USBHostLPMSend                  
000016fb  USBHostLPMConfig                
0000171f  USBHostLPMResume                
00001737  USBDevLPMRemoteWake             
0000174f  USBDevLPMConfig                 
00001765  USBDevLPMEnable                 
0000177d  USBDevLPMDisable                
00001795  USBLPMLinkStateGet              
000017a9  USBLPMEndpointGet               
000017c5  USBLPMRemoteWakeEnabled         
000017df  USBLPMIntStatus                 
000017ef  USBLPMIntEnable                 
00001809  USBLPMIntDisable                
00001825  UARTStdioConfig                 
00001885  UARTwrite                       
000018d7  UARTgets                        
0000199d  UARTgetc                        
000019d1  UARTvprintf                     
00001ccb  UARTprintf                      
00001cf3  readParams                      
00001dd3  writeEEPROM                     
00001e1d  setAmp                          
00001e45  convertData                     
00001fdd  writeData                       
0000213d  ControlHandler                  
00002235  RxHandler                       
000027e7  TxHandler                       
00002855  main                            
00002b7d  SysTickIntHandler               
00002b87  Timer0IntHandler                
00002b89  PWM1IntHandler                  
00002ba5  ADC0IntHandler                  
00002c75  ICGIntHandler                   
00002d75  USBLibDMAInit                   
00002ed5  USBDCDInit                      
00003175  USBDeviceIntHandlerInternal     
000032c5  USBDeviceConfig                 
0000340d  GPIOPadConfigSet                
00003541  SysCtlClockGet                  
00003651  SysCtlClockSet                  
0000391d  USBDCDCCompositeInit            
000039f5  USBDeviceEnumHandler            
00003ba1  EEPROMProgram                   
00003f57  __aeabi_memcpy                  
00003f57  __aeabi_memcpy4                 
00003f57  __aeabi_memcpy8                 
00003f57  memcpy                          
00004249  USBDCDCPacketRead               
00004369  USBDeviceConfigAlternate        
00004479  uDMAChannelTransferSet          
0000457d  ADCSequenceStepConfigure        
000045f7  __aeabi_memclr                  
000045f7  __aeabi_memclr4                 
000045f7  __aeabi_memclr8                 
000045f9  __aeabi_memset                  
000045f9  __aeabi_memset4                 
000045f9  __aeabi_memset8                 
000045ff  memset                          
000046e9  ProcessDataFromHost             
0000475b  __aeabi_idiv0                   
0000475b  __aeabi_ldiv0                   
000048ad  ProcessDataToHost               
00004985  IntDisable                      
000049ed  IntEnable                       
00004a55  __TI_decompress_lzss            
00004abd  IntIsEnabled                    
00004b21  USBBufferEventCallback          
00004be9  TimerConfigure                  
00004c49  USBDCDCPacketWrite              
00004d09  TimerControlTrigger             
00004db7  ULPIConfigSet                   
00004e09  ADCSequenceConfigure            
00004e59  SysCtlPeripheralReset           
00004ea9  USBDCDCInit                     
00004ef9  USBDCDConfigDescGet             
00004f49  USBDeviceResumeTickHandler      
000051a5  GPIOPinConfigure                
000051ed  USBDeviceEnumResetHandler       
00005235  uDMAChannelAttributeDisable     
0000527d  USBDCDDeviceInfoInit            
00005305  __TI_auto_init_nobinit_nopinit  
00005349  EEPROMInit                      
00005389  __aeabi_uidiv                   
00005389  __aeabi_uidivmod                
000053c9  SSIConfigSetExpClk              
0000547d  EEPROMRead                      
000054b5  InternalUSBRegisterTickHandler  
000054ed  InternalUSBStartOfFrameTick     
0000555d  SysCtlPeripheralReady           
00005595  USBDCDConfigGetInterfaceEndpoint
000055cd  USBRingBufAdvanceWrite          
00005605  _c_int00_noargs                 
00005671  IntRegister                     
000056a5  SysCtlPeripheralEnable          
00005773  ProcessNotificationToHost       
00005809  InternalUSBTickInit             
00005899  ADCIntStatus                    
000058c7  USBBufferWrite                  
000058f5  USBDCDCRxPacketAvailable        
00005923  USBDescGet                      
0000597b  GPIODirModeSet                  
000059cf  USBDCDConfigDescGetNum          
000059f9  USBDescGetNum                   
00005a23  TimerUpdateMode                 
00005a4b  USBBufferRead                   
00005a9d  uDMAChannelModeGet              
00005b0d  USBStackModeSet                 
00005b31  uDMAChannelControlSet           
00005b55  USB0DeviceIntHandler            
00005b79  PWMGenConfigure                 
00005c3f  USBRingBufAdvanceRead           
00005c5f  ADCSequenceDataGet              
00005c7d  PWMPulseWidthSet                
00005c9b  USBRingBufContigFree            
00005cb9  USBDCDConfigGetInterface        
00005cd5  USBDCDStallEP0                  
00005cf1  USBRingBufRead                  
00005d0d  USBRingBufWrite                 
00005d43  USBDCDConfigDescGetSize         
00005d75  TimerControlLevel               
00005d8d  USBBufferInit                   
00005da5  USBDCDFeatureGet                
00005ded  uDMAChannelDisable              
00005e05  uDMAChannelEnable               
00005e49  USBRingBufFlush                 
00005e5f  USBRingBufReadOne               
00005e75  USBRingBufUsed                  
00005ea1  IntUnregister                   
00005eb5  SysCtlPWMClockSet               
00005ec9  SysCtlUSBPLLEnable              
00005edd  USBDCDCTxPacketAvailable        
00005ef1  USBDCDRequestDataEP0            
00005f05  USBDCDSendDataEP0               
00005f19  GPIOPinTypeADC                  
00005f2b  GPIOPinTypePWM                  
00005f3d  GPIOPinTypeSSI                  
00005f4f  GPIOPinTypeTimer                
00005f85  PWMOutputState                  
00005f97  TimerLoadSet                    
00005fa9  TimerMatchSet                   
00005fbb  USBRingBufFree                  
00005fcd  ADCIntEnable                    
00005fdd  IntMasterDisable                
00005fed  IntMasterEnable                 
00005ffd  PWMGenPeriodSet                 
0000600d  USBRingBufContigUsed            
0000601d  USBRingBufWriteOne              
0000603d  ADCSequenceEnable               
00006059  TimerEnable                     
00006067  __TI_decompress_none            
00006075  CPUcpsid                        
00006081  CPUcpsie                        
0000608d  PWMGenEnable                    
00006099  USBRingBufInit                  
000060a5  __TI_zero_init                  
000060b1  ResetISR                        
000060bd  ADCIntClear                     
000060c7  SSIDataPut                      
000060d1  SSIEnable                       
000060db  TimerIntEnable                  
000060f3  SysCtlDelay                     
000060f9  USBBufferFlush                  
00006109  TimerADCEventSet                
0000610d  TimerIntClear                   
00006111  _system_pre_init                
00006115  C$$EXIT                         
00006115  abort                           
00006284  g_sCDCSerConfigSection          
0000628c  g_sIADSerConfigSection          
00006294  g_sCDCSerCommInterfaceSection   
0000629c  g_sCDCSerDataInterfaceSection   
000062a4  g_sCDCSerDataInterfaceSectionHS 
000062ac  g_sCDCSerConfigHeader           
000062b4  g_sCDCSerConfigHeaderHS         
000062bc  g_sCDCCompSerConfigHeader       
000062c4  g_sCDCCompSerConfigHeaderHS     
000062cc  g_ppCDCSerConfigDescriptors     
000062d0  g_ppCDCSerConfigDescriptorsHS   
000062d4  g_pCDCCompSerConfigDescriptors  
000062d8  g_pCDCCompSerConfigDescriptorsHS
000062dc  g_pui8ConfigString              
00006348  g_sCDCHandlers                  
00006378  g_pui8CDCSerDataInterface       
0000638f  g_pui8CDCSerDataInterfaceHS     
000063a6  g_pui8ControlInterfaceString    
000063d2  g_pui8ManufacturerString        
000063f6  g_pui8CDCSerCommInterface       
00006419  g_pui8ProductString             
0000643c  g_ppui8StringDescriptors        
00006454  g_pui8SerialNumberString        
000064a1  g_pui8LangDescriptor            
000065b0  __TI_Handler_Table_Base         
000065bc  __TI_Handler_Table_Limit        
000065d0  __TI_CINIT_Base                 
000065e8  __TI_CINIT_Limit                
20000000  g_pfnRAMVectors                 
2000026c  data                            
20003c24  g_sCDCDevice                    
20003c84  g_pui8CDCSerDeviceDescriptor    
20003c96  g_pui8CDCSerDescriptor          
20003c9f  g_pui8IADSerDescriptor          
20003ca8  g_psCDCSerSections              
20003cb4  g_psCDCSerSectionsHS            
20003cc0  g_psCDCCompSerSections          
20003cd0  g_psCDCCompSerSectionsHS        
20003ce8  mode                            
20003cec  runFlag                         
20003ced  ADCFlag                         
20003cee  startFlag                       
20003cef  writeFlag                       
20003cf0  sendFlag                        
20003cf1  inWriteSequence                 
20003cf4  dataCounter                     
20003cf8  loops                           
20003cfc  loopCounter                     
20003d00  dataCount                       
20003d04  comma                           
20003d08  ICGPeriod                       
20003d0c  ICGdelay                        
20003d10  clockPeriod                     
20003d11  clockTick                       
20003d14  integrationPeriod               
20003d18  SHdelay                         
20003d1c  ADCLatency                      
20003d20  g_ui32SysTickCount              
20003d28  g_ui32Flags                     
20003d2c  g_ui32TxCount                   
20003d30  g_ui32RxCount                   
20003d34  ADCtrigger                      
20003d38  average                         
20003d40  g_sRxBuffer                     
20003d78  g_sTxBuffer                     
20003db0  g_bUSBTimerInitialized          
20003db4  g_ui32CurrentUSBTick            
20003db8  g_ui32USBSOFCount               
20003dbc  g_iUSBMode                      
20003dc0  g_ui32WaitTicks                 
20003dc5  ABC0                            
20003dcd  ABC1                            
20003dd5  ABC2                            
20003de8  serial                          
20003dee  ampChars                        
20003df3  offChars                        
20003f08  g_pui8USBRxBuffer               
20004008  g_pui8USBTxBuffer               
20004108  g_psDCDInst                     
20004198  g_pfnTickHandlers               
200041b0  g_pvTickInstance                
200041c8  value                           
200041e0  ICGMatch                        
200041e4  SHMatch                         
200041e8  ampVal                          
200041ec  g_pcStatus                      
200041f4  g_ppsDevInfo                    
200041fc  offset                          
20004200  report                          
20004204  ui32ABC0A                       
20004208  ui32ABC0B                       
2000420c  ui32ABC1A                       
20004210  ui32ABC1B                       
20004214  ui32ABC2A                       
20004218  ui32ABC2B                       
2000421c  ui32Serial                      
20004220  count                           
20004228  __stack                         
20004428  __STACK_END                     
20004428  __STACK_TOP                     
ffffffff  __TI_pprof_out_hndl             
ffffffff  __TI_prof_data_size             
ffffffff  __TI_prof_data_start            
ffffffff  __binit__                       
ffffffff  __c_args__                      
ffffffff  binit                           
UNDEFED   __mpu_init                      
UNDEFED   _system_post_cinit              

[366 symbols]
