<?xml version="1.0" encoding="ISO-8859-1" ?>
<link_info>
   <banner>TI ARM Linker PC v18.1.1.LTS</banner>
   <copyright>Copyright (c) 1996-2017 Texas Instruments Incorporated</copyright>
   <link_time>0x5e139161</link_time>
   <link_errors>0x0</link_errors>
   <output_file>WheeTrometer.out</output_file>
   <entry_point>
      <name>_c_int00_noargs</name>
      <address>0x5631</address>
   </entry_point>
   <input_file_list>
      <input_file id="fl-2">
         <path>.\</path>
         <kind>object</kind>
         <file>main.obj</file>
         <name>main.obj</name>
      </input_file>
      <input_file id="fl-3">
         <path>.\</path>
         <kind>object</kind>
         <file>tm4c123gh6pm_startup_ccs.obj</file>
         <name>tm4c123gh6pm_startup_ccs.obj</name>
      </input_file>
      <input_file id="fl-4">
         <path>.\</path>
         <kind>object</kind>
         <file>usb_serial_structs.obj</file>
         <name>usb_serial_structs.obj</name>
      </input_file>
      <input_file id="fl-5">
         <path>.\</path>
         <kind>object</kind>
         <file>usbdhandler.obj</file>
         <name>usbdhandler.obj</name>
      </input_file>
      <input_file id="fl-6">
         <path>.\</path>
         <kind>object</kind>
         <file>ustdlib.obj</file>
         <name>ustdlib.obj</name>
      </input_file>
      <input_file id="fl-7">
         <path>.\utils\</path>
         <kind>object</kind>
         <file>systick.obj</file>
         <name>systick.obj</name>
      </input_file>
      <input_file id="fl-8">
         <path>.\utils\</path>
         <kind>object</kind>
         <file>usb.obj</file>
         <name>usb.obj</name>
      </input_file>
      <input_file id="fl-e">
         <kind>object</kind>
         <file>&lt;internal&gt;</file>
         <name>&lt;internal&gt;</name>
      </input_file>
      <input_file id="fl-f">
         <path>C:\ti\TivaWare_C_Series-2.1.4.178\driverlib\ccs\Debug\</path>
         <kind>archive</kind>
         <file>driverlib.lib</file>
         <name>adc.obj</name>
      </input_file>
      <input_file id="fl-10">
         <path>C:\ti\TivaWare_C_Series-2.1.4.178\driverlib\ccs\Debug\</path>
         <kind>archive</kind>
         <file>driverlib.lib</file>
         <name>eeprom.obj</name>
      </input_file>
      <input_file id="fl-11">
         <path>C:\ti\TivaWare_C_Series-2.1.4.178\driverlib\ccs\Debug\</path>
         <kind>archive</kind>
         <file>driverlib.lib</file>
         <name>gpio.obj</name>
      </input_file>
      <input_file id="fl-12">
         <path>C:\ti\TivaWare_C_Series-2.1.4.178\driverlib\ccs\Debug\</path>
         <kind>archive</kind>
         <file>driverlib.lib</file>
         <name>interrupt.obj</name>
      </input_file>
      <input_file id="fl-13">
         <path>C:\ti\TivaWare_C_Series-2.1.4.178\driverlib\ccs\Debug\</path>
         <kind>archive</kind>
         <file>driverlib.lib</file>
         <name>pwm.obj</name>
      </input_file>
      <input_file id="fl-14">
         <path>C:\ti\TivaWare_C_Series-2.1.4.178\driverlib\ccs\Debug\</path>
         <kind>archive</kind>
         <file>driverlib.lib</file>
         <name>ssi.obj</name>
      </input_file>
      <input_file id="fl-15">
         <path>C:\ti\TivaWare_C_Series-2.1.4.178\driverlib\ccs\Debug\</path>
         <kind>archive</kind>
         <file>driverlib.lib</file>
         <name>sysctl.obj</name>
      </input_file>
      <input_file id="fl-16">
         <path>C:\ti\TivaWare_C_Series-2.1.4.178\driverlib\ccs\Debug\</path>
         <kind>archive</kind>
         <file>driverlib.lib</file>
         <name>timer.obj</name>
      </input_file>
      <input_file id="fl-17">
         <path>C:\ti\TivaWare_C_Series-2.1.4.178\driverlib\ccs\Debug\</path>
         <kind>archive</kind>
         <file>driverlib.lib</file>
         <name>cpu.obj</name>
      </input_file>
      <input_file id="fl-cd">
         <path>C:\ti\ccsv8\tools\compiler\ti-cgt-arm_18.1.1.LTS\lib\</path>
         <kind>archive</kind>
         <file>rtsv7M4_T_le_v4SPD16_eabi.lib</file>
         <name>u_divt2.asm.obj</name>
      </input_file>
      <input_file id="fl-ce">
         <path>C:\ti\ccsv8\tools\compiler\ti-cgt-arm_18.1.1.LTS\lib\</path>
         <kind>archive</kind>
         <file>rtsv7M4_T_le_v4SPD16_eabi.lib</file>
         <name>memset_t2.asm.obj</name>
      </input_file>
      <input_file id="fl-cf">
         <path>C:\ti\ccsv8\tools\compiler\ti-cgt-arm_18.1.1.LTS\lib\</path>
         <kind>archive</kind>
         <file>rtsv7M4_T_le_v4SPD16_eabi.lib</file>
         <name>copy_zero_init.c.obj</name>
      </input_file>
      <input_file id="fl-d0">
         <path>C:\ti\ccsv8\tools\compiler\ti-cgt-arm_18.1.1.LTS\lib\</path>
         <kind>archive</kind>
         <file>rtsv7M4_T_le_v4SPD16_eabi.lib</file>
         <name>copy_decompress_none.c.obj</name>
      </input_file>
      <input_file id="fl-d1">
         <path>C:\ti\ccsv8\tools\compiler\ti-cgt-arm_18.1.1.LTS\lib\</path>
         <kind>archive</kind>
         <file>rtsv7M4_T_le_v4SPD16_eabi.lib</file>
         <name>copy_decompress_lzss.c.obj</name>
      </input_file>
      <input_file id="fl-d2">
         <path>C:\ti\ccsv8\tools\compiler\ti-cgt-arm_18.1.1.LTS\lib\</path>
         <kind>archive</kind>
         <file>rtsv7M4_T_le_v4SPD16_eabi.lib</file>
         <name>boot_cortex_m.c.obj</name>
      </input_file>
      <input_file id="fl-d3">
         <path>C:\ti\ccsv8\tools\compiler\ti-cgt-arm_18.1.1.LTS\lib\</path>
         <kind>archive</kind>
         <file>rtsv7M4_T_le_v4SPD16_eabi.lib</file>
         <name>exit.c.obj</name>
      </input_file>
      <input_file id="fl-d4">
         <path>C:\ti\ccsv8\tools\compiler\ti-cgt-arm_18.1.1.LTS\lib\</path>
         <kind>archive</kind>
         <file>rtsv7M4_T_le_v4SPD16_eabi.lib</file>
         <name>_lock.c.obj</name>
      </input_file>
      <input_file id="fl-d5">
         <path>C:\ti\ccsv8\tools\compiler\ti-cgt-arm_18.1.1.LTS\lib\</path>
         <kind>archive</kind>
         <file>rtsv7M4_T_le_v4SPD16_eabi.lib</file>
         <name>args_main.c.obj</name>
      </input_file>
      <input_file id="fl-d6">
         <path>C:\ti\ccsv8\tools\compiler\ti-cgt-arm_18.1.1.LTS\lib\</path>
         <kind>archive</kind>
         <file>rtsv7M4_T_le_v4SPD16_eabi.lib</file>
         <name>div0.asm.obj</name>
      </input_file>
      <input_file id="fl-d7">
         <path>C:\ti\ccsv8\tools\compiler\ti-cgt-arm_18.1.1.LTS\lib\</path>
         <kind>archive</kind>
         <file>rtsv7M4_T_le_v4SPD16_eabi.lib</file>
         <name>memcpy_t2.asm.obj</name>
      </input_file>
      <input_file id="fl-d8">
         <path>C:\ti\ccsv8\tools\compiler\ti-cgt-arm_18.1.1.LTS\lib\</path>
         <kind>archive</kind>
         <file>rtsv7M4_T_le_v4SPD16_eabi.lib</file>
         <name>autoinit.c.obj</name>
      </input_file>
      <input_file id="fl-d9">
         <path>C:\ti\ccsv8\tools\compiler\ti-cgt-arm_18.1.1.LTS\lib\</path>
         <kind>archive</kind>
         <file>rtsv7M4_T_le_v4SPD16_eabi.lib</file>
         <name>pre_init.c.obj</name>
      </input_file>
      <input_file id="fl-da">
         <path>C:\ti\ccsv8\tools\compiler\ti-cgt-arm_18.1.1.LTS\lib\</path>
         <kind>archive</kind>
         <file>rtsv7M4_T_le_v4SPD16_eabi.lib</file>
         <name>cpy_tbl.c.obj</name>
      </input_file>
      <input_file id="fl-db">
         <path>C:\ti\TivaWare_C_Series-2.1.4.178\usblib\ccs\Debug\</path>
         <kind>archive</kind>
         <file>usblib.lib</file>
         <name>usbbuffer.obj</name>
      </input_file>
      <input_file id="fl-dc">
         <path>C:\ti\TivaWare_C_Series-2.1.4.178\usblib\ccs\Debug\</path>
         <kind>archive</kind>
         <file>usblib.lib</file>
         <name>usbmode.obj</name>
      </input_file>
      <input_file id="fl-dd">
         <path>C:\ti\TivaWare_C_Series-2.1.4.178\usblib\ccs\Debug\</path>
         <kind>archive</kind>
         <file>usblib.lib</file>
         <name>usbringbuf.obj</name>
      </input_file>
      <input_file id="fl-de">
         <path>C:\ti\TivaWare_C_Series-2.1.4.178\usblib\ccs\Debug\</path>
         <kind>archive</kind>
         <file>usblib.lib</file>
         <name>usbtick.obj</name>
      </input_file>
      <input_file id="fl-df">
         <path>C:\ti\TivaWare_C_Series-2.1.4.178\usblib\ccs\Debug\</path>
         <kind>archive</kind>
         <file>usblib.lib</file>
         <name>usbhostenum.obj</name>
      </input_file>
      <input_file id="fl-e0">
         <path>C:\ti\TivaWare_C_Series-2.1.4.178\usblib\ccs\Debug\</path>
         <kind>archive</kind>
         <file>usblib.lib</file>
         <name>usbdcdc.obj</name>
      </input_file>
      <input_file id="fl-e1">
         <path>C:\ti\TivaWare_C_Series-2.1.4.178\usblib\ccs\Debug\</path>
         <kind>archive</kind>
         <file>usblib.lib</file>
         <name>usbdenum.obj</name>
      </input_file>
      <input_file id="fl-e2">
         <path>C:\ti\TivaWare_C_Series-2.1.4.178\usblib\ccs\Debug\</path>
         <kind>archive</kind>
         <file>usblib.lib</file>
         <name>usbdesc.obj</name>
      </input_file>
      <input_file id="fl-e3">
         <path>C:\ti\TivaWare_C_Series-2.1.4.178\usblib\ccs\Debug\</path>
         <kind>archive</kind>
         <file>usblib.lib</file>
         <name>usbdma.obj</name>
      </input_file>
      <input_file id="fl-e4">
         <path>C:\ti\TivaWare_C_Series-2.1.4.178\usblib\ccs\Debug\</path>
         <kind>archive</kind>
         <file>usblib.lib</file>
         <name>usbulpi.obj</name>
      </input_file>
      <input_file id="fl-e5">
         <path>C:\ti\TivaWare_C_Series-2.1.4.178\usblib\ccs\Debug\</path>
         <kind>archive</kind>
         <file>usblib.lib</file>
         <name>usbhhub.obj</name>
      </input_file>
      <input_file id="fl-e6">
         <path>C:\ti\TivaWare_C_Series-2.1.4.178\usblib\ccs\Debug\</path>
         <kind>archive</kind>
         <file>usblib.lib</file>
         <name>usbdcdesc.obj</name>
      </input_file>
      <input_file id="fl-e7">
         <path>C:\ti\TivaWare_C_Series-2.1.4.178\usblib\ccs\Debug\</path>
         <kind>archive</kind>
         <file>usblib.lib</file>
         <name>usbdconfig.obj</name>
      </input_file>
      <input_file id="fl-e8">
         <path>C:\ti\TivaWare_C_Series-2.1.4.178\driverlib\ccs\Debug\</path>
         <kind>archive</kind>
         <file>driverlib.lib</file>
         <name>udma.obj</name>
      </input_file>
   </input_file_list>
   <object_component_list>
      <object_component id="oc-f">
         <name>.intvecs</name>
         <load_address>0x0</load_address>
         <run_address>0x0</run_address>
         <size>0x26c</size>
         <input_file_ref idref="fl-3"/>
      </object_component>
      <object_component id="oc-360">
         <name>.text</name>
         <load_address>0x26c</load_address>
         <run_address>0x26c</run_address>
         <size>0x15b6</size>
         <input_file_ref idref="fl-8"/>
      </object_component>
      <object_component id="oc-63d">
         <name>.text:_IntDefaultHandler</name>
         <load_address>0x1822</load_address>
         <run_address>0x1822</run_address>
         <size>0x2</size>
         <input_file_ref idref="fl-12"/>
      </object_component>
      <object_component id="oc-2a">
         <name>.text</name>
         <load_address>0x1824</load_address>
         <run_address>0x1824</run_address>
         <size>0x157c</size>
         <input_file_ref idref="fl-2"/>
      </object_component>
      <object_component id="oc-45c">
         <name>.text:USBLibDMAInit</name>
         <load_address>0x2da0</load_address>
         <run_address>0x2da0</run_address>
         <size>0x160</size>
         <input_file_ref idref="fl-e3"/>
      </object_component>
      <object_component id="oc-2f8">
         <name>.text:USBDCDInit</name>
         <load_address>0x2f00</load_address>
         <run_address>0x2f00</run_address>
         <size>0x150</size>
         <input_file_ref idref="fl-e1"/>
      </object_component>
      <object_component id="oc-4cd">
         <name>.text:USBDEP0StateTxConfig</name>
         <load_address>0x3050</load_address>
         <run_address>0x3050</run_address>
         <size>0x150</size>
         <input_file_ref idref="fl-e1"/>
      </object_component>
      <object_component id="oc-1f3">
         <name>.text:USBDeviceIntHandlerInternal</name>
         <load_address>0x31a0</load_address>
         <run_address>0x31a0</run_address>
         <size>0x150</size>
         <input_file_ref idref="fl-e1"/>
      </object_component>
      <object_component id="oc-784">
         <name>.text:USBDeviceConfig</name>
         <load_address>0x32f0</load_address>
         <run_address>0x32f0</run_address>
         <size>0x148</size>
         <input_file_ref idref="fl-e7"/>
      </object_component>
      <object_component id="oc-30e">
         <name>.text:GPIOPadConfigSet</name>
         <load_address>0x3438</load_address>
         <run_address>0x3438</run_address>
         <size>0x132</size>
         <input_file_ref idref="fl-11"/>
      </object_component>
      <object_component id="oc-5c8">
         <name>.text:iDMAUSBArbSizeSet</name>
         <load_address>0x356a</load_address>
         <run_address>0x356a</run_address>
         <size>0x2</size>
         <input_file_ref idref="fl-e3"/>
      </object_component>
      <object_component id="oc-167">
         <name>.text:SysCtlClockGet</name>
         <load_address>0x356c</load_address>
         <run_address>0x356c</run_address>
         <size>0x110</size>
         <input_file_ref idref="fl-15"/>
      </object_component>
      <object_component id="oc-131">
         <name>.text:SysCtlClockSet</name>
         <load_address>0x367c</load_address>
         <run_address>0x367c</run_address>
         <size>0xf4</size>
         <input_file_ref idref="fl-15"/>
      </object_component>
      <object_component id="oc-5ec">
         <name>.text:iDMAUSBTransfer</name>
         <load_address>0x3770</load_address>
         <run_address>0x3770</run_address>
         <size>0xf4</size>
         <input_file_ref idref="fl-e3"/>
      </object_component>
      <object_component id="oc-724">
         <name>.text:USBDGetDescriptor</name>
         <load_address>0x3864</load_address>
         <run_address>0x3864</run_address>
         <size>0xe4</size>
         <input_file_ref idref="fl-e1"/>
      </object_component>
      <object_component id="oc-2f2">
         <name>.text:USBDCDCCompositeInit</name>
         <load_address>0x3948</load_address>
         <run_address>0x3948</run_address>
         <size>0xd8</size>
         <input_file_ref idref="fl-e0"/>
      </object_component>
      <object_component id="oc-366">
         <name>.text:USBDeviceEnumHandler</name>
         <load_address>0x3a20</load_address>
         <run_address>0x3a20</run_address>
         <size>0xd8</size>
         <input_file_ref idref="fl-e1"/>
      </object_component>
      <object_component id="oc-523">
         <name>.text:HandleRequests</name>
         <load_address>0x3af8</load_address>
         <run_address>0x3af8</run_address>
         <size>0xd4</size>
         <input_file_ref idref="fl-e0"/>
      </object_component>
      <object_component id="oc-91">
         <name>.text:EEPROMProgram</name>
         <load_address>0x3bcc</load_address>
         <run_address>0x3bcc</run_address>
         <size>0xc4</size>
         <input_file_ref idref="fl-10"/>
      </object_component>
      <object_component id="oc-57a">
         <name>.text:uDMAUSBChannelAllocate</name>
         <load_address>0x3c90</load_address>
         <run_address>0x3c90</run_address>
         <size>0xc4</size>
         <input_file_ref idref="fl-e3"/>
      </object_component>
      <object_component id="oc-497">
         <name>.text:HandleRxAvailable</name>
         <load_address>0x3d54</load_address>
         <run_address>0x3d54</run_address>
         <size>0xbe</size>
         <input_file_ref idref="fl-db"/>
      </object_component>
      <object_component id="oc-5bc">
         <name>.text:uDMAUSBTransfer</name>
         <load_address>0x3e12</load_address>
         <run_address>0x3e12</run_address>
         <size>0xbc</size>
         <input_file_ref idref="fl-e3"/>
      </object_component>
      <object_component id="oc-54d">
         <name>.text:HandleDevice</name>
         <load_address>0x3ece</load_address>
         <run_address>0x3ece</run_address>
         <size>0xb4</size>
         <input_file_ref idref="fl-e0"/>
      </object_component>
      <object_component id="oc-44">
         <name>.text</name>
         <load_address>0x3f82</load_address>
         <run_address>0x3f82</run_address>
         <size>0x9c</size>
         <input_file_ref idref="fl-d7"/>
      </object_component>
      <object_component id="oc-604">
         <name>.text:iDMAUSBUnitSizeSet</name>
         <load_address>0x401e</load_address>
         <run_address>0x401e</run_address>
         <size>0x2</size>
         <input_file_ref idref="fl-e3"/>
      </object_component>
      <object_component id="oc-742">
         <name>.text:USBDSetInterface</name>
         <load_address>0x4020</load_address>
         <run_address>0x4020</run_address>
         <size>0x98</size>
         <input_file_ref idref="fl-e1"/>
      </object_component>
      <object_component id="oc-449">
         <name>.text:CDCTickHandler</name>
         <load_address>0x40b8</load_address>
         <run_address>0x40b8</run_address>
         <size>0x96</size>
         <input_file_ref idref="fl-e0"/>
      </object_component>
      <object_component id="oc-766">
         <name>.text:SendSerialState</name>
         <load_address>0x414e</load_address>
         <run_address>0x414e</run_address>
         <size>0x94</size>
         <input_file_ref idref="fl-e0"/>
      </object_component>
      <object_component id="oc-248">
         <name>.text:ScheduleNextTransmission</name>
         <load_address>0x41e2</load_address>
         <run_address>0x41e2</run_address>
         <size>0x92</size>
         <input_file_ref idref="fl-db"/>
      </object_component>
      <object_component id="oc-2b5">
         <name>.text:USBDCDCPacketRead</name>
         <load_address>0x4274</load_address>
         <run_address>0x4274</run_address>
         <size>0x90</size>
         <input_file_ref idref="fl-e0"/>
      </object_component>
      <object_component id="oc-736">
         <name>.text:USBDSetConfiguration</name>
         <load_address>0x4304</load_address>
         <run_address>0x4304</run_address>
         <size>0x90</size>
         <input_file_ref idref="fl-e1"/>
      </object_component>
      <object_component id="oc-798">
         <name>.text:USBDeviceConfigAlternate</name>
         <load_address>0x4394</load_address>
         <run_address>0x4394</run_address>
         <size>0x8c</size>
         <input_file_ref idref="fl-e7"/>
      </object_component>
      <object_component id="oc-5ce">
         <name>.text:iDMAUSBChannelAllocate</name>
         <load_address>0x4420</load_address>
         <run_address>0x4420</run_address>
         <size>0x84</size>
         <input_file_ref idref="fl-e3"/>
      </object_component>
      <object_component id="oc-6ee">
         <name>.text:uDMAChannelTransferSet</name>
         <load_address>0x44a4</load_address>
         <run_address>0x44a4</run_address>
         <size>0x84</size>
         <input_file_ref idref="fl-e8"/>
      </object_component>
      <object_component id="oc-712">
         <name>.text:USBDClearFeature</name>
         <load_address>0x4528</load_address>
         <run_address>0x4528</run_address>
         <size>0x80</size>
         <input_file_ref idref="fl-e1"/>
      </object_component>
      <object_component id="oc-1a3">
         <name>.text:ADCSequenceStepConfigure</name>
         <load_address>0x45a8</load_address>
         <run_address>0x45a8</run_address>
         <size>0x7a</size>
         <input_file_ref idref="fl-f"/>
      </object_component>
      <object_component id="oc-c0">
         <name>.text</name>
         <load_address>0x4622</load_address>
         <run_address>0x4622</run_address>
         <size>0x7a</size>
         <input_file_ref idref="fl-ce"/>
      </object_component>
      <object_component id="oc-70c">
         <name>.text:USBDGetStatus</name>
         <load_address>0x469c</load_address>
         <run_address>0x469c</run_address>
         <size>0x78</size>
         <input_file_ref idref="fl-e1"/>
      </object_component>
      <object_component id="oc-6a8">
         <name>.text:ProcessDataFromHost</name>
         <load_address>0x4714</load_address>
         <run_address>0x4714</run_address>
         <size>0x72</size>
         <input_file_ref idref="fl-e0"/>
      </object_component>
      <object_component id="oc-22f">
         <name>.text</name>
         <load_address>0x4786</load_address>
         <run_address>0x4786</run_address>
         <size>0x2</size>
         <input_file_ref idref="fl-d6"/>
      </object_component>
      <object_component id="oc-4d3">
         <name>.text:USBDEP0StateTx</name>
         <load_address>0x4788</load_address>
         <run_address>0x4788</run_address>
         <size>0x70</size>
         <input_file_ref idref="fl-e1"/>
      </object_component>
      <object_component id="oc-574">
         <name>.text:uDMAUSBArbSizeSet</name>
         <load_address>0x47f8</load_address>
         <run_address>0x47f8</run_address>
         <size>0x70</size>
         <input_file_ref idref="fl-e3"/>
      </object_component>
      <object_component id="oc-5c2">
         <name>.text:uDMAUSBUnitSizeSet</name>
         <load_address>0x4868</load_address>
         <run_address>0x4868</run_address>
         <size>0x70</size>
         <input_file_ref idref="fl-e3"/>
      </object_component>
      <object_component id="oc-6ae">
         <name>.text:ProcessDataToHost</name>
         <load_address>0x48d8</load_address>
         <run_address>0x48d8</run_address>
         <size>0x6c</size>
         <input_file_ref idref="fl-e0"/>
      </object_component>
      <object_component id="oc-718">
         <name>.text:USBDSetFeature</name>
         <load_address>0x4944</load_address>
         <run_address>0x4944</run_address>
         <size>0x6c</size>
         <input_file_ref idref="fl-e1"/>
      </object_component>
      <object_component id="oc-c5">
         <name>.text:IntDisable</name>
         <load_address>0x49b0</load_address>
         <run_address>0x49b0</run_address>
         <size>0x68</size>
         <input_file_ref idref="fl-12"/>
      </object_component>
      <object_component id="oc-f3">
         <name>.text:IntEnable</name>
         <load_address>0x4a18</load_address>
         <run_address>0x4a18</run_address>
         <size>0x68</size>
         <input_file_ref idref="fl-12"/>
      </object_component>
      <object_component id="oc-12">
         <name>.text:decompress:lzss:__TI_decompress_lzss</name>
         <load_address>0x4a80</load_address>
         <run_address>0x4a80</run_address>
         <size>0x68</size>
         <input_file_ref idref="fl-d1"/>
      </object_component>
      <object_component id="oc-6d3">
         <name>.text:IntIsEnabled</name>
         <load_address>0x4ae8</load_address>
         <run_address>0x4ae8</run_address>
         <size>0x64</size>
         <input_file_ref idref="fl-12"/>
      </object_component>
      <object_component id="oc-33e">
         <name>.text:USBBufferEventCallback</name>
         <load_address>0x4b4c</load_address>
         <run_address>0x4b4c</run_address>
         <size>0x64</size>
         <input_file_ref idref="fl-db"/>
      </object_component>
      <object_component id="oc-586">
         <name>.text:uDMAUSBChannelEnable</name>
         <load_address>0x4bb0</load_address>
         <run_address>0x4bb0</run_address>
         <size>0x64</size>
         <input_file_ref idref="fl-e3"/>
      </object_component>
      <object_component id="oc-179">
         <name>.text:TimerConfigure</name>
         <load_address>0x4c14</load_address>
         <run_address>0x4c14</run_address>
         <size>0x60</size>
         <input_file_ref idref="fl-16"/>
      </object_component>
      <object_component id="oc-27c">
         <name>.text:USBDCDCPacketWrite</name>
         <load_address>0x4c74</load_address>
         <run_address>0x4c74</run_address>
         <size>0x60</size>
         <input_file_ref idref="fl-e0"/>
      </object_component>
      <object_component id="oc-4c7">
         <name>.text:USBDReadAndDispatchRequest</name>
         <load_address>0x4cd4</load_address>
         <run_address>0x4cd4</run_address>
         <size>0x60</size>
         <input_file_ref idref="fl-e1"/>
      </object_component>
      <object_component id="oc-185">
         <name>.text:TimerControlTrigger</name>
         <load_address>0x4d34</load_address>
         <run_address>0x4d34</run_address>
         <size>0x58</size>
         <input_file_ref idref="fl-16"/>
      </object_component>
      <object_component id="oc-598">
         <name>.text:uDMAUSBChannelRelease</name>
         <load_address>0x4d8c</load_address>
         <run_address>0x4d8c</run_address>
         <size>0x56</size>
         <input_file_ref idref="fl-e3"/>
      </object_component>
      <object_component id="oc-456">
         <name>.text:ULPIConfigSet</name>
         <load_address>0x4de2</load_address>
         <run_address>0x4de2</run_address>
         <size>0x52</size>
         <input_file_ref idref="fl-e4"/>
      </object_component>
      <object_component id="oc-19d">
         <name>.text:ADCSequenceConfigure</name>
         <load_address>0x4e34</load_address>
         <run_address>0x4e34</run_address>
         <size>0x50</size>
         <input_file_ref idref="fl-f"/>
      </object_component>
      <object_component id="oc-2d8">
         <name>.text:SysCtlPeripheralReset</name>
         <load_address>0x4e84</load_address>
         <run_address>0x4e84</run_address>
         <size>0x50</size>
         <input_file_ref idref="fl-15"/>
      </object_component>
      <object_component id="oc-12b">
         <name>.text:USBDCDCInit</name>
         <load_address>0x4ed4</load_address>
         <run_address>0x4ed4</run_address>
         <size>0x50</size>
         <input_file_ref idref="fl-e0"/>
      </object_component>
      <object_component id="oc-7ab">
         <name>.text:USBDCDConfigDescGet</name>
         <load_address>0x4f24</load_address>
         <run_address>0x4f24</run_address>
         <size>0x50</size>
         <input_file_ref idref="fl-e6"/>
      </object_component>
      <object_component id="oc-354">
         <name>.text:USBDeviceResumeTickHandler</name>
         <load_address>0x4f74</load_address>
         <run_address>0x4f74</run_address>
         <size>0x50</size>
         <input_file_ref idref="fl-e1"/>
      </object_component>
      <object_component id="oc-7b7">
         <name>.text:GetEPDescriptorType</name>
         <load_address>0x4fc4</load_address>
         <run_address>0x4fc4</run_address>
         <size>0x4c</size>
         <input_file_ref idref="fl-e7"/>
      </object_component>
      <object_component id="oc-77b">
         <name>.text:USBDStringIndexFromRequest</name>
         <load_address>0x5010</load_address>
         <run_address>0x5010</run_address>
         <size>0x4c</size>
         <input_file_ref idref="fl-e1"/>
      </object_component>
      <object_component id="oc-5f8">
         <name>.text:iDMAUSBChannelEnable</name>
         <load_address>0x505c</load_address>
         <run_address>0x505c</run_address>
         <size>0x4c</size>
         <input_file_ref idref="fl-e3"/>
      </object_component>
      <object_component id="oc-7cc">
         <name>.text:ConfigAlternateInterfaceGet</name>
         <load_address>0x50a8</load_address>
         <run_address>0x50a8</run_address>
         <size>0x4a</size>
         <input_file_ref idref="fl-e6"/>
      </object_component>
      <object_component id="oc-52f">
         <name>.text:HandleEP0Data</name>
         <load_address>0x50f2</load_address>
         <run_address>0x50f2</run_address>
         <size>0x4a</size>
         <input_file_ref idref="fl-e0"/>
      </object_component>
      <object_component id="oc-547">
         <name>.text:HandleEndpoints</name>
         <load_address>0x513c</load_address>
         <run_address>0x513c</run_address>
         <size>0x4a</size>
         <input_file_ref idref="fl-e0"/>
      </object_component>
      <object_component id="oc-580">
         <name>.text:uDMAUSBChannelDisable</name>
         <load_address>0x5186</load_address>
         <run_address>0x5186</run_address>
         <size>0x4a</size>
         <input_file_ref idref="fl-e3"/>
      </object_component>
      <object_component id="oc-143">
         <name>.text:GPIOPinConfigure</name>
         <load_address>0x51d0</load_address>
         <run_address>0x51d0</run_address>
         <size>0x48</size>
         <input_file_ref idref="fl-11"/>
      </object_component>
      <object_component id="oc-34e">
         <name>.text:USBDeviceEnumResetHandler</name>
         <load_address>0x5218</load_address>
         <run_address>0x5218</run_address>
         <size>0x48</size>
         <input_file_ref idref="fl-e1"/>
      </object_component>
      <object_component id="oc-6c5">
         <name>.text:uDMAChannelAttributeDisable</name>
         <load_address>0x5260</load_address>
         <run_address>0x5260</run_address>
         <size>0x48</size>
         <input_file_ref idref="fl-e8"/>
      </object_component>
      <object_component id="oc-434">
         <name>.text:USBDCDDeviceInfoInit</name>
         <load_address>0x52a8</load_address>
         <run_address>0x52a8</run_address>
         <size>0x44</size>
         <input_file_ref idref="fl-e1"/>
      </object_component>
      <object_component id="oc-73c">
         <name>.text:USBDGetInterface</name>
         <load_address>0x52ec</load_address>
         <run_address>0x52ec</run_address>
         <size>0x44</size>
         <input_file_ref idref="fl-e1"/>
      </object_component>
      <object_component id="oc-394">
         <name>.text:__TI_auto_init_nobinit_nopinit:__TI_auto_init_nobinit_nopinit</name>
         <load_address>0x5330</load_address>
         <run_address>0x5330</run_address>
         <size>0x44</size>
         <input_file_ref idref="fl-d8"/>
      </object_component>
      <object_component id="oc-119">
         <name>.text:EEPROMInit</name>
         <load_address>0x5374</load_address>
         <run_address>0x5374</run_address>
         <size>0x40</size>
         <input_file_ref idref="fl-10"/>
      </object_component>
      <object_component id="oc-80">
         <name>.text</name>
         <load_address>0x53b4</load_address>
         <run_address>0x53b4</run_address>
         <size>0x40</size>
         <input_file_ref idref="fl-cd"/>
      </object_component>
      <object_component id="oc-16d">
         <name>.text:SSIConfigSetExpClk</name>
         <load_address>0x53f4</load_address>
         <run_address>0x53f4</run_address>
         <size>0x3c</size>
         <input_file_ref idref="fl-14"/>
      </object_component>
      <object_component id="oc-256">
         <name>.text:_EEPROMSectorMaskSet</name>
         <load_address>0x5430</load_address>
         <run_address>0x5430</run_address>
         <size>0x3c</size>
         <input_file_ref idref="fl-10"/>
      </object_component>
      <object_component id="oc-5f2">
         <name>.text:iDMAUSBChannelRelease</name>
         <load_address>0x546c</load_address>
         <run_address>0x546c</run_address>
         <size>0x3c</size>
         <input_file_ref idref="fl-e3"/>
      </object_component>
      <object_component id="oc-85">
         <name>.text:EEPROMRead</name>
         <load_address>0x54a8</load_address>
         <run_address>0x54a8</run_address>
         <size>0x38</size>
         <input_file_ref idref="fl-10"/>
      </object_component>
      <object_component id="oc-440">
         <name>.text:InternalUSBRegisterTickHandler</name>
         <load_address>0x54e0</load_address>
         <run_address>0x54e0</run_address>
         <size>0x38</size>
         <input_file_ref idref="fl-de"/>
      </object_component>
      <object_component id="oc-35a">
         <name>.text:InternalUSBStartOfFrameTick</name>
         <load_address>0x5518</load_address>
         <run_address>0x5518</run_address>
         <size>0x38</size>
         <input_file_ref idref="fl-de"/>
      </object_component>
      <object_component id="oc-555">
         <name>.text:SendBreak</name>
         <load_address>0x5550</load_address>
         <run_address>0x5550</run_address>
         <size>0x38</size>
         <input_file_ref idref="fl-e0"/>
      </object_component>
      <object_component id="oc-113">
         <name>.text:SysCtlPeripheralReady</name>
         <load_address>0x5588</load_address>
         <run_address>0x5588</run_address>
         <size>0x38</size>
         <input_file_ref idref="fl-15"/>
      </object_component>
      <object_component id="oc-7b1">
         <name>.text:USBDCDConfigGetInterfaceEndpoint</name>
         <load_address>0x55c0</load_address>
         <run_address>0x55c0</run_address>
         <size>0x38</size>
         <input_file_ref idref="fl-e6"/>
      </object_component>
      <object_component id="oc-624">
         <name>.text:USBRingBufAdvanceWrite</name>
         <load_address>0x55f8</load_address>
         <run_address>0x55f8</run_address>
         <size>0x38</size>
         <input_file_ref idref="fl-dd"/>
      </object_component>
      <object_component id="oc-62">
         <name>.text:_c_int00_noargs:_c_int00_noargs</name>
         <load_address>0x5630</load_address>
         <run_address>0x5630</run_address>
         <size>0x38</size>
         <input_file_ref idref="fl-d2"/>
      </object_component>
      <object_component id="oc-529">
         <name>.text:HandleConfigChange</name>
         <load_address>0x5668</load_address>
         <run_address>0x5668</run_address>
         <size>0x34</size>
         <input_file_ref idref="fl-e0"/>
      </object_component>
      <object_component id="oc-4b9">
         <name>.text:IntRegister</name>
         <load_address>0x569c</load_address>
         <run_address>0x569c</run_address>
         <size>0x34</size>
         <input_file_ref idref="fl-12"/>
      </object_component>
      <object_component id="oc-10d">
         <name>.text:SysCtlPeripheralEnable</name>
         <load_address>0x56d0</load_address>
         <run_address>0x56d0</run_address>
         <size>0x34</size>
         <input_file_ref idref="fl-15"/>
      </object_component>
      <object_component id="oc-250">
         <name>.text:_EEPROMSectorMaskClear</name>
         <load_address>0x5704</load_address>
         <run_address>0x5704</run_address>
         <size>0x34</size>
         <input_file_ref idref="fl-10"/>
      </object_component>
      <object_component id="oc-5d4">
         <name>.text:iDMAUSBChannelStatus</name>
         <load_address>0x5738</load_address>
         <run_address>0x5738</run_address>
         <size>0x34</size>
         <input_file_ref idref="fl-e3"/>
      </object_component>
      <object_component id="oc-7db">
         <name>.text:NextConfigDescGet</name>
         <load_address>0x576c</load_address>
         <run_address>0x576c</run_address>
         <size>0x32</size>
         <input_file_ref idref="fl-e6"/>
      </object_component>
      <object_component id="oc-6a2">
         <name>.text:ProcessNotificationToHost</name>
         <load_address>0x579e</load_address>
         <run_address>0x579e</run_address>
         <size>0x32</size>
         <input_file_ref idref="fl-e0"/>
      </object_component>
      <object_component id="oc-5fe">
         <name>.text:iDMAUSBChannelDisable</name>
         <load_address>0x57d0</load_address>
         <run_address>0x57d0</run_address>
         <size>0x32</size>
         <input_file_ref idref="fl-e3"/>
      </object_component>
      <object_component id="oc-5a4">
         <name>.text:DMAUSBIntHandler</name>
         <load_address>0x5802</load_address>
         <run_address>0x5802</run_address>
         <size>0x30</size>
         <input_file_ref idref="fl-e3"/>
      </object_component>
      <object_component id="oc-592">
         <name>.text:uDMAUSBChannelIntDisable</name>
         <load_address>0x5832</load_address>
         <run_address>0x5832</run_address>
         <size>0x2</size>
         <input_file_ref idref="fl-e3"/>
      </object_component>
      <object_component id="oc-43a">
         <name>.text:InternalUSBTickInit</name>
         <load_address>0x5834</load_address>
         <run_address>0x5834</run_address>
         <size>0x30</size>
         <input_file_ref idref="fl-de"/>
      </object_component>
      <object_component id="oc-730">
         <name>.text:USBDGetConfiguration</name>
         <load_address>0x5864</load_address>
         <run_address>0x5864</run_address>
         <size>0x30</size>
         <input_file_ref idref="fl-e1"/>
      </object_component>
      <object_component id="oc-509">
         <name>.text:UpdateIndexAtomic</name>
         <load_address>0x5894</load_address>
         <run_address>0x5894</run_address>
         <size>0x30</size>
         <input_file_ref idref="fl-dd"/>
      </object_component>
      <object_component id="oc-1d4">
         <name>.text:ADCIntStatus</name>
         <load_address>0x58c4</load_address>
         <run_address>0x58c4</run_address>
         <size>0x2e</size>
         <input_file_ref idref="fl-f"/>
      </object_component>
      <object_component id="oc-8b">
         <name>.text:USBBufferWrite</name>
         <load_address>0x58f2</load_address>
         <run_address>0x58f2</run_address>
         <size>0x2e</size>
         <input_file_ref idref="fl-db"/>
      </object_component>
      <object_component id="oc-2bb">
         <name>.text:USBDCDCRxPacketAvailable</name>
         <load_address>0x5920</load_address>
         <run_address>0x5920</run_address>
         <size>0x2e</size>
         <input_file_ref idref="fl-e0"/>
      </object_component>
      <object_component id="oc-7d4">
         <name>.text:USBDescGet</name>
         <load_address>0x594e</load_address>
         <run_address>0x594e</run_address>
         <size>0x2c</size>
         <input_file_ref idref="fl-e2"/>
      </object_component>
      <object_component id="oc-5aa">
         <name>.text:uDMAUSBIntStatus</name>
         <load_address>0x597a</load_address>
         <run_address>0x597a</run_address>
         <size>0x2c</size>
         <input_file_ref idref="fl-e3"/>
      </object_component>
      <object_component id="oc-308">
         <name>.text:GPIODirModeSet</name>
         <load_address>0x59a6</load_address>
         <run_address>0x59a6</run_address>
         <size>0x2a</size>
         <input_file_ref idref="fl-11"/>
      </object_component>
      <object_component id="oc-491">
         <name>.text:HandleRequestBuffer</name>
         <load_address>0x59d0</load_address>
         <run_address>0x59d0</run_address>
         <size>0x2a</size>
         <input_file_ref idref="fl-db"/>
      </object_component>
      <object_component id="oc-78c">
         <name>.text:USBDCDConfigDescGetNum</name>
         <load_address>0x59fa</load_address>
         <run_address>0x59fa</run_address>
         <size>0x2a</size>
         <input_file_ref idref="fl-e6"/>
      </object_component>
      <object_component id="oc-7c5">
         <name>.text:USBDescGetNum</name>
         <load_address>0x5a24</load_address>
         <run_address>0x5a24</run_address>
         <size>0x2a</size>
         <input_file_ref idref="fl-e2"/>
      </object_component>
      <object_component id="oc-17f">
         <name>.text:TimerUpdateMode</name>
         <load_address>0x5a4e</load_address>
         <run_address>0x5a4e</run_address>
         <size>0x28</size>
         <input_file_ref idref="fl-16"/>
      </object_component>
      <object_component id="oc-df">
         <name>.text:USBBufferRead</name>
         <load_address>0x5a76</load_address>
         <run_address>0x5a76</run_address>
         <size>0x28</size>
         <input_file_ref idref="fl-db"/>
      </object_component>
      <object_component id="oc-58c">
         <name>.text:uDMAUSBChannelIntEnable</name>
         <load_address>0x5a9e</load_address>
         <run_address>0x5a9e</run_address>
         <size>0x2</size>
         <input_file_ref idref="fl-e3"/>
      </object_component>
      <object_component id="oc-71e">
         <name>.text:USBDSetAddress</name>
         <load_address>0x5aa0</load_address>
         <run_address>0x5aa0</run_address>
         <size>0x28</size>
         <input_file_ref idref="fl-e1"/>
      </object_component>
      <object_component id="oc-6e5">
         <name>.text:uDMAChannelModeGet</name>
         <load_address>0x5ac8</load_address>
         <run_address>0x5ac8</run_address>
         <size>0x28</size>
         <input_file_ref idref="fl-e8"/>
      </object_component>
      <object_component id="oc-541">
         <name>.text:HandleDisconnect</name>
         <load_address>0x5af0</load_address>
         <run_address>0x5af0</run_address>
         <size>0x24</size>
         <input_file_ref idref="fl-e0"/>
      </object_component>
      <object_component id="oc-561">
         <name>.text:SendLineStateChange</name>
         <load_address>0x5b14</load_address>
         <run_address>0x5b14</run_address>
         <size>0x24</size>
         <input_file_ref idref="fl-e0"/>
      </object_component>
      <object_component id="oc-125">
         <name>.text:USBStackModeSet</name>
         <load_address>0x5b38</load_address>
         <run_address>0x5b38</run_address>
         <size>0x24</size>
         <input_file_ref idref="fl-dc"/>
      </object_component>
      <object_component id="oc-6be">
         <name>.text:uDMAChannelControlSet</name>
         <load_address>0x5b5c</load_address>
         <run_address>0x5b5c</run_address>
         <size>0x24</size>
         <input_file_ref idref="fl-e8"/>
      </object_component>
      <object_component id="oc-30">
         <name>.text</name>
         <load_address>0x5b80</load_address>
         <run_address>0x5b80</run_address>
         <size>0x24</size>
         <input_file_ref idref="fl-5"/>
      </object_component>
      <object_component id="oc-149">
         <name>.text:PWMGenConfigure</name>
         <load_address>0x5ba4</load_address>
         <run_address>0x5ba4</run_address>
         <size>0x22</size>
         <input_file_ref idref="fl-13"/>
      </object_component>
      <object_component id="oc-567">
         <name>.text:SendLineCodingChange</name>
         <load_address>0x5bc6</load_address>
         <run_address>0x5bc6</run_address>
         <size>0x22</size>
         <input_file_ref idref="fl-e0"/>
      </object_component>
      <object_component id="oc-59e">
         <name>.text:uDMAUSBChannelStatus</name>
         <load_address>0x5be8</load_address>
         <run_address>0x5be8</run_address>
         <size>0x22</size>
         <input_file_ref idref="fl-e3"/>
      </object_component>
      <object_component id="oc-67e">
         <name>.text:CheckAndSendBreak</name>
         <load_address>0x5c0a</load_address>
         <run_address>0x5c0a</run_address>
         <size>0x20</size>
         <input_file_ref idref="fl-e0"/>
      </object_component>
      <object_component id="oc-7bd">
         <name>.text:GetEndpointFIFOSize</name>
         <load_address>0x5c2a</load_address>
         <run_address>0x5c2a</run_address>
         <size>0x20</size>
         <input_file_ref idref="fl-e7"/>
      </object_component>
      <object_component id="oc-485">
         <name>.text:HandleDataRemaining</name>
         <load_address>0x5c4a</load_address>
         <run_address>0x5c4a</run_address>
         <size>0x20</size>
         <input_file_ref idref="fl-db"/>
      </object_component>
      <object_component id="oc-616">
         <name>.text:USBRingBufAdvanceRead</name>
         <load_address>0x5c6a</load_address>
         <run_address>0x5c6a</run_address>
         <size>0x20</size>
         <input_file_ref idref="fl-dd"/>
      </object_component>
      <object_component id="oc-1da">
         <name>.text:ADCSequenceDataGet</name>
         <load_address>0x5c8a</load_address>
         <run_address>0x5c8a</run_address>
         <size>0x1e</size>
         <input_file_ref idref="fl-f"/>
      </object_component>
      <object_component id="oc-97">
         <name>.text:PWMPulseWidthSet</name>
         <load_address>0x5ca8</load_address>
         <run_address>0x5ca8</run_address>
         <size>0x1e</size>
         <input_file_ref idref="fl-13"/>
      </object_component>
      <object_component id="oc-61d">
         <name>.text:USBRingBufContigFree</name>
         <load_address>0x5cc6</load_address>
         <run_address>0x5cc6</run_address>
         <size>0x1e</size>
         <input_file_ref idref="fl-dd"/>
      </object_component>
      <object_component id="oc-792">
         <name>.text:USBDCDConfigGetInterface</name>
         <load_address>0x5ce4</load_address>
         <run_address>0x5ce4</run_address>
         <size>0x1c</size>
         <input_file_ref idref="fl-e6"/>
      </object_component>
      <object_component id="oc-646">
         <name>.text:USBDCDStallEP0</name>
         <load_address>0x5d00</load_address>
         <run_address>0x5d00</run_address>
         <size>0x1c</size>
         <input_file_ref idref="fl-e1"/>
      </object_component>
      <object_component id="oc-2ae">
         <name>.text:USBRingBufRead</name>
         <load_address>0x5d1c</load_address>
         <run_address>0x5d1c</run_address>
         <size>0x1c</size>
         <input_file_ref idref="fl-dd"/>
      </object_component>
      <object_component id="oc-242">
         <name>.text:USBRingBufWrite</name>
         <load_address>0x5d38</load_address>
         <run_address>0x5d38</run_address>
         <size>0x1c</size>
         <input_file_ref idref="fl-dd"/>
      </object_component>
      <object_component id="oc-55b">
         <name>.text:DeviceConsumedAllData</name>
         <load_address>0x5d54</load_address>
         <run_address>0x5d54</run_address>
         <size>0x1a</size>
         <input_file_ref idref="fl-e0"/>
      </object_component>
      <object_component id="oc-653">
         <name>.text:USBDCDConfigDescGetSize</name>
         <load_address>0x5d6e</load_address>
         <run_address>0x5d6e</run_address>
         <size>0x1a</size>
         <input_file_ref idref="fl-e6"/>
      </object_component>
      <object_component id="oc-402">
         <name>.text:SetDeferredOpFlag</name>
         <load_address>0x5d88</load_address>
         <run_address>0x5d88</run_address>
         <size>0x18</size>
         <input_file_ref idref="fl-e0"/>
      </object_component>
      <object_component id="oc-1c2">
         <name>.text:TimerControlLevel</name>
         <load_address>0x5da0</load_address>
         <run_address>0x5da0</run_address>
         <size>0x18</size>
         <input_file_ref idref="fl-16"/>
      </object_component>
      <object_component id="oc-11f">
         <name>.text:USBBufferInit</name>
         <load_address>0x5db8</load_address>
         <run_address>0x5db8</run_address>
         <size>0x18</size>
         <input_file_ref idref="fl-db"/>
      </object_component>
      <object_component id="oc-42e">
         <name>.text:USBDCDFeatureGet</name>
         <load_address>0x5dd0</load_address>
         <run_address>0x5dd0</run_address>
         <size>0x18</size>
         <input_file_ref idref="fl-e1"/>
      </object_component>
      <object_component id="oc-72a">
         <name>.text:USBDSetDescriptor</name>
         <load_address>0x5de8</load_address>
         <run_address>0x5de8</run_address>
         <size>0x18</size>
         <input_file_ref idref="fl-e1"/>
      </object_component>
      <object_component id="oc-748">
         <name>.text:USBDSyncFrame</name>
         <load_address>0x5e00</load_address>
         <run_address>0x5e00</run_address>
         <size>0x18</size>
         <input_file_ref idref="fl-e1"/>
      </object_component>
      <object_component id="oc-6cc">
         <name>.text:uDMAChannelDisable</name>
         <load_address>0x5e18</load_address>
         <run_address>0x5e18</run_address>
         <size>0x18</size>
         <input_file_ref idref="fl-e8"/>
      </object_component>
      <object_component id="oc-6d9">
         <name>.text:uDMAChannelEnable</name>
         <load_address>0x5e30</load_address>
         <run_address>0x5e30</run_address>
         <size>0x18</size>
         <input_file_ref idref="fl-e8"/>
      </object_component>
      <object_component id="oc-698">
         <name>.text:CheckAndSendLineCodingChange</name>
         <load_address>0x5e48</load_address>
         <run_address>0x5e48</run_address>
         <size>0x16</size>
         <input_file_ref idref="fl-e0"/>
      </object_component>
      <object_component id="oc-684">
         <name>.text:CheckAndSendLineStateChange</name>
         <load_address>0x5e5e</load_address>
         <run_address>0x5e5e</run_address>
         <size>0x16</size>
         <input_file_ref idref="fl-e0"/>
      </object_component>
      <object_component id="oc-29d">
         <name>.text:USBRingBufFlush</name>
         <load_address>0x5e74</load_address>
         <run_address>0x5e74</run_address>
         <size>0x16</size>
         <input_file_ref idref="fl-dd"/>
      </object_component>
      <object_component id="oc-3fb">
         <name>.text:USBRingBufReadOne</name>
         <load_address>0x5e8a</load_address>
         <run_address>0x5e8a</run_address>
         <size>0x16</size>
         <input_file_ref idref="fl-dd"/>
      </object_component>
      <object_component id="oc-2a8">
         <name>.text:USBRingBufUsed</name>
         <load_address>0x5ea0</load_address>
         <run_address>0x5ea0</run_address>
         <size>0x16</size>
         <input_file_ref idref="fl-dd"/>
      </object_component>
      <object_component id="oc-48b">
         <name>.text:HandleTxComplete</name>
         <load_address>0x5eb6</load_address>
         <run_address>0x5eb6</run_address>
         <size>0x14</size>
         <input_file_ref idref="fl-db"/>
      </object_component>
      <object_component id="oc-4bf">
         <name>.text:IntUnregister</name>
         <load_address>0x5ecc</load_address>
         <run_address>0x5ecc</run_address>
         <size>0x14</size>
         <input_file_ref idref="fl-12"/>
      </object_component>
      <object_component id="oc-137">
         <name>.text:SysCtlPWMClockSet</name>
         <load_address>0x5ee0</load_address>
         <run_address>0x5ee0</run_address>
         <size>0x14</size>
         <input_file_ref idref="fl-15"/>
      </object_component>
      <object_component id="oc-450">
         <name>.text:SysCtlUSBPLLEnable</name>
         <load_address>0x5ef4</load_address>
         <run_address>0x5ef4</run_address>
         <size>0x14</size>
         <input_file_ref idref="fl-15"/>
      </object_component>
      <object_component id="oc-282">
         <name>.text:USBDCDCTxPacketAvailable</name>
         <load_address>0x5f08</load_address>
         <run_address>0x5f08</run_address>
         <size>0x14</size>
         <input_file_ref idref="fl-e0"/>
      </object_component>
      <object_component id="oc-690">
         <name>.text:USBDCDRequestDataEP0</name>
         <load_address>0x5f1c</load_address>
         <run_address>0x5f1c</run_address>
         <size>0x14</size>
         <input_file_ref idref="fl-e1"/>
      </object_component>
      <object_component id="oc-68a">
         <name>.text:USBDCDSendDataEP0</name>
         <load_address>0x5f30</load_address>
         <run_address>0x5f30</run_address>
         <size>0x14</size>
         <input_file_ref idref="fl-e1"/>
      </object_component>
      <object_component id="oc-197">
         <name>.text:GPIOPinTypeADC</name>
         <load_address>0x5f44</load_address>
         <run_address>0x5f44</run_address>
         <size>0x12</size>
         <input_file_ref idref="fl-11"/>
      </object_component>
      <object_component id="oc-13d">
         <name>.text:GPIOPinTypePWM</name>
         <load_address>0x5f56</load_address>
         <run_address>0x5f56</run_address>
         <size>0x12</size>
         <input_file_ref idref="fl-11"/>
      </object_component>
      <object_component id="oc-161">
         <name>.text:GPIOPinTypeSSI</name>
         <load_address>0x5f68</load_address>
         <run_address>0x5f68</run_address>
         <size>0x12</size>
         <input_file_ref idref="fl-11"/>
      </object_component>
      <object_component id="oc-1bb">
         <name>.text:GPIOPinTypeTimer</name>
         <load_address>0x5f7a</load_address>
         <run_address>0x5f7a</run_address>
         <size>0x12</size>
         <input_file_ref idref="fl-11"/>
      </object_component>
      <object_component id="oc-53b">
         <name>.text:HandleResume</name>
         <load_address>0x5f8c</load_address>
         <run_address>0x5f8c</run_address>
         <size>0x12</size>
         <input_file_ref idref="fl-e0"/>
      </object_component>
      <object_component id="oc-535">
         <name>.text:HandleSuspend</name>
         <load_address>0x5f9e</load_address>
         <run_address>0x5f9e</run_address>
         <size>0x12</size>
         <input_file_ref idref="fl-e0"/>
      </object_component>
      <object_component id="oc-155">
         <name>.text:PWMOutputState</name>
         <load_address>0x5fb0</load_address>
         <run_address>0x5fb0</run_address>
         <size>0x12</size>
         <input_file_ref idref="fl-13"/>
      </object_component>
      <object_component id="oc-ff">
         <name>.text:TimerLoadSet</name>
         <load_address>0x5fc2</load_address>
         <run_address>0x5fc2</run_address>
         <size>0x12</size>
         <input_file_ref idref="fl-16"/>
      </object_component>
      <object_component id="oc-105">
         <name>.text:TimerMatchSet</name>
         <load_address>0x5fd4</load_address>
         <run_address>0x5fd4</run_address>
         <size>0x12</size>
         <input_file_ref idref="fl-16"/>
      </object_component>
      <object_component id="oc-23c">
         <name>.text:USBRingBufFree</name>
         <load_address>0x5fe6</load_address>
         <run_address>0x5fe6</run_address>
         <size>0x12</size>
         <input_file_ref idref="fl-dd"/>
      </object_component>
      <object_component id="oc-1af">
         <name>.text:ADCIntEnable</name>
         <load_address>0x5ff8</load_address>
         <run_address>0x5ff8</run_address>
         <size>0x10</size>
         <input_file_ref idref="fl-f"/>
      </object_component>
      <object_component id="oc-3f3">
         <name>.text:IntMasterDisable</name>
         <load_address>0x6008</load_address>
         <run_address>0x6008</run_address>
         <size>0x10</size>
         <input_file_ref idref="fl-12"/>
      </object_component>
      <object_component id="oc-1ce">
         <name>.text:IntMasterEnable</name>
         <load_address>0x6018</load_address>
         <run_address>0x6018</run_address>
         <size>0x10</size>
         <input_file_ref idref="fl-12"/>
      </object_component>
      <object_component id="oc-14f">
         <name>.text:PWMGenPeriodSet</name>
         <load_address>0x6028</load_address>
         <run_address>0x6028</run_address>
         <size>0x10</size>
         <input_file_ref idref="fl-13"/>
      </object_component>
      <object_component id="oc-3d2">
         <name>.text:USBRingBufContigUsed</name>
         <load_address>0x6038</load_address>
         <run_address>0x6038</run_address>
         <size>0x10</size>
         <input_file_ref idref="fl-dd"/>
      </object_component>
      <object_component id="oc-3cb">
         <name>.text:USBRingBufWriteOne</name>
         <load_address>0x6048</load_address>
         <run_address>0x6048</run_address>
         <size>0x10</size>
         <input_file_ref idref="fl-dd"/>
      </object_component>
      <object_component id="oc-2d2">
         <name>.text:_EEPROMWaitForDone</name>
         <load_address>0x6058</load_address>
         <run_address>0x6058</run_address>
         <size>0x10</size>
         <input_file_ref idref="fl-10"/>
      </object_component>
      <object_component id="oc-1a9">
         <name>.text:ADCSequenceEnable</name>
         <load_address>0x6068</load_address>
         <run_address>0x6068</run_address>
         <size>0xe</size>
         <input_file_ref idref="fl-f"/>
      </object_component>
      <object_component id="oc-5b0">
         <name>.text:DMAUSBIntStatusClear</name>
         <load_address>0x6076</load_address>
         <run_address>0x6076</run_address>
         <size>0xe</size>
         <input_file_ref idref="fl-e3"/>
      </object_component>
      <object_component id="oc-191">
         <name>.text:TimerEnable</name>
         <load_address>0x6084</load_address>
         <run_address>0x6084</run_address>
         <size>0xe</size>
         <input_file_ref idref="fl-16"/>
      </object_component>
      <object_component id="oc-18">
         <name>.text:decompress:none:__TI_decompress_none</name>
         <load_address>0x6092</load_address>
         <run_address>0x6092</run_address>
         <size>0xe</size>
         <input_file_ref idref="fl-d0"/>
      </object_component>
      <object_component id="oc-511">
         <name>.text:CPUcpsid</name>
         <load_address>0x60a0</load_address>
         <run_address>0x60a0</run_address>
         <size>0xc</size>
         <input_file_ref idref="fl-17"/>
      </object_component>
      <object_component id="oc-335">
         <name>.text:CPUcpsie</name>
         <load_address>0x60ac</load_address>
         <run_address>0x60ac</run_address>
         <size>0xc</size>
         <input_file_ref idref="fl-17"/>
      </object_component>
      <object_component id="oc-15b">
         <name>.text:PWMGenEnable</name>
         <load_address>0x60b8</load_address>
         <run_address>0x60b8</run_address>
         <size>0xc</size>
         <input_file_ref idref="fl-13"/>
      </object_component>
      <object_component id="oc-2df">
         <name>.text:USBRingBufInit</name>
         <load_address>0x60c4</load_address>
         <run_address>0x60c4</run_address>
         <size>0xc</size>
         <input_file_ref idref="fl-dd"/>
      </object_component>
      <object_component id="oc-56">
         <name>.text:decompress:ZI:__TI_zero_init</name>
         <load_address>0x60d0</load_address>
         <run_address>0x60d0</run_address>
         <size>0xc</size>
         <input_file_ref idref="fl-cf"/>
      </object_component>
      <object_component id="oc-24">
         <name>.text</name>
         <load_address>0x60dc</load_address>
         <run_address>0x60dc</run_address>
         <size>0xc</size>
         <input_file_ref idref="fl-3"/>
      </object_component>
      <object_component id="oc-1b5">
         <name>.text:ADCIntClear</name>
         <load_address>0x60e8</load_address>
         <run_address>0x60e8</run_address>
         <size>0xa</size>
         <input_file_ref idref="fl-f"/>
      </object_component>
      <object_component id="oc-9d">
         <name>.text:SSIDataPut</name>
         <load_address>0x60f2</load_address>
         <run_address>0x60f2</run_address>
         <size>0xa</size>
         <input_file_ref idref="fl-14"/>
      </object_component>
      <object_component id="oc-173">
         <name>.text:SSIEnable</name>
         <load_address>0x60fc</load_address>
         <run_address>0x60fc</run_address>
         <size>0xa</size>
         <input_file_ref idref="fl-14"/>
      </object_component>
      <object_component id="oc-1c8">
         <name>.text:TimerIntEnable</name>
         <load_address>0x6106</load_address>
         <run_address>0x6106</run_address>
         <size>0x8</size>
         <input_file_ref idref="fl-16"/>
      </object_component>
      <object_component id="oc-5e6">
         <name>.text:iDMAUSBChannelIntDisable</name>
         <load_address>0x610e</load_address>
         <run_address>0x610e</run_address>
         <size>0x8</size>
         <input_file_ref idref="fl-e3"/>
      </object_component>
      <object_component id="oc-5e0">
         <name>.text:iDMAUSBChannelIntEnable</name>
         <load_address>0x6116</load_address>
         <run_address>0x6116</run_address>
         <size>0x8</size>
         <input_file_ref idref="fl-e3"/>
      </object_component>
      <object_component id="oc-f2">
         <name>.text:SysCtlDelay</name>
         <load_address>0x611e</load_address>
         <run_address>0x611e</run_address>
         <size>0x6</size>
         <input_file_ref idref="fl-15"/>
      </object_component>
      <object_component id="oc-d2">
         <name>.text:USBBufferFlush</name>
         <load_address>0x6124</load_address>
         <run_address>0x6124</run_address>
         <size>0x6</size>
         <input_file_ref idref="fl-db"/>
      </object_component>
      <object_component id="oc-5da">
         <name>.text:iDMAUSBIntStatus</name>
         <load_address>0x612a</load_address>
         <run_address>0x612a</run_address>
         <size>0x6</size>
         <input_file_ref idref="fl-e3"/>
      </object_component>
      <object_component id="oc-5b6">
         <name>.text:DMAUSBStatus</name>
         <load_address>0x6130</load_address>
         <run_address>0x6130</run_address>
         <size>0x4</size>
         <input_file_ref idref="fl-e3"/>
      </object_component>
      <object_component id="oc-18b">
         <name>.text:TimerADCEventSet</name>
         <load_address>0x6134</load_address>
         <run_address>0x6134</run_address>
         <size>0x4</size>
         <input_file_ref idref="fl-16"/>
      </object_component>
      <object_component id="oc-f9">
         <name>.text:TimerIntClear</name>
         <load_address>0x6138</load_address>
         <run_address>0x6138</run_address>
         <size>0x4</size>
         <input_file_ref idref="fl-16"/>
      </object_component>
      <object_component id="oc-217">
         <name>.text:_system_pre_init</name>
         <load_address>0x613c</load_address>
         <run_address>0x613c</run_address>
         <size>0x4</size>
         <input_file_ref idref="fl-d9"/>
      </object_component>
      <object_component id="oc-388">
         <name>.text:abort:abort</name>
         <load_address>0x6140</load_address>
         <run_address>0x6140</run_address>
         <size>0x4</size>
         <input_file_ref idref="fl-d3"/>
      </object_component>
      <object_component id="oc-315">
         <name>.const:g_pui32GPIOBaseAddrs</name>
         <load_address>0x6144</load_address>
         <run_address>0x6144</run_address>
         <size>0x90</size>
         <input_file_ref idref="fl-11"/>
      </object_component>
      <object_component id="oc-294">
         <name>.const</name>
         <load_address>0x61d4</load_address>
         <run_address>0x61d4</run_address>
         <size>0x70</size>
         <input_file_ref idref="fl-12"/>
      </object_component>
      <object_component id="oc-31f">
         <name>.const:g_pui32Xtals</name>
         <load_address>0x6244</load_address>
         <run_address>0x6244</run_address>
         <size>0x6c</size>
         <input_file_ref idref="fl-15"/>
      </object_component>
      <object_component id="oc-301">
         <name>.const</name>
         <load_address>0x62b0</load_address>
         <run_address>0x62b0</run_address>
         <size>0x58</size>
         <input_file_ref idref="fl-e0"/>
      </object_component>
      <object_component id="oc-4ad">
         <name>.const:.string:g_pui8ConfigString</name>
         <load_address>0x6308</load_address>
         <run_address>0x6308</run_address>
         <size>0x36</size>
         <input_file_ref idref="fl-4"/>
      </object_component>
      <object_component id="oc-db">
         <name>.const:.string:$P$T2$4</name>
         <load_address>0x633e</load_address>
         <run_address>0x633e</run_address>
         <size>0x2</size>
         <input_file_ref idref="fl-2"/>
      </object_component>
      <object_component id="oc-64f">
         <name>.const:g_psUSBDStdRequests</name>
         <load_address>0x6340</load_address>
         <run_address>0x6340</run_address>
         <size>0x34</size>
         <input_file_ref idref="fl-e1"/>
      </object_component>
      <object_component id="oc-446">
         <name>.const:g_sCDCHandlers</name>
         <load_address>0x6374</load_address>
         <run_address>0x6374</run_address>
         <size>0x30</size>
         <input_file_ref idref="fl-e0"/>
      </object_component>
      <object_component id="oc-469">
         <name>.const:.string</name>
         <load_address>0x63a4</load_address>
         <run_address>0x63a4</run_address>
         <size>0x2e</size>
         <input_file_ref idref="fl-e0"/>
      </object_component>
      <object_component id="oc-4aa">
         <name>.const:.string:g_pui8ControlInterfaceString</name>
         <load_address>0x63d2</load_address>
         <run_address>0x63d2</run_address>
         <size>0x2c</size>
         <input_file_ref idref="fl-4"/>
      </object_component>
      <object_component id="oc-4a1">
         <name>.const:.string:g_pui8ManufacturerString</name>
         <load_address>0x63fe</load_address>
         <run_address>0x63fe</run_address>
         <size>0x24</size>
         <input_file_ref idref="fl-4"/>
      </object_component>
      <object_component id="oc-466">
         <name>.const:.string:g_pui8CDCSerCommInterface</name>
         <load_address>0x6422</load_address>
         <run_address>0x6422</run_address>
         <size>0x23</size>
         <input_file_ref idref="fl-e0"/>
      </object_component>
      <object_component id="oc-4a4">
         <name>.const:.string:g_pui8ProductString</name>
         <load_address>0x6445</load_address>
         <run_address>0x6445</run_address>
         <size>0x22</size>
         <input_file_ref idref="fl-4"/>
      </object_component>
      <object_component id="oc-344">
         <name>.const:g_ppui8StringDescriptors</name>
         <load_address>0x6468</load_address>
         <run_address>0x6468</run_address>
         <size>0x18</size>
         <input_file_ref idref="fl-4"/>
      </object_component>
      <object_component id="oc-4a7">
         <name>.const:.string:g_pui8SerialNumberString</name>
         <load_address>0x6480</load_address>
         <run_address>0x6480</run_address>
         <size>0x12</size>
         <input_file_ref idref="fl-4"/>
      </object_component>
      <object_component id="oc-e8">
         <name>.const:.string:$P$T3$5</name>
         <load_address>0x6492</load_address>
         <run_address>0x6492</run_address>
         <size>0x2</size>
         <input_file_ref idref="fl-2"/>
      </object_component>
      <object_component id="oc-261">
         <name>.const:.string</name>
         <load_address>0x6494</load_address>
         <run_address>0x6494</run_address>
         <size>0x12</size>
         <input_file_ref idref="fl-2"/>
      </object_component>
      <object_component id="oc-7d">
         <name>.const:g_ui32UARTBase</name>
         <load_address>0x64a8</load_address>
         <run_address>0x64a8</run_address>
         <size>0xc</size>
         <input_file_ref idref="fl-2"/>
      </object_component>
      <object_component id="oc-77">
         <name>.const:g_ui32UARTPeriph</name>
         <load_address>0x64b4</load_address>
         <run_address>0x64b4</run_address>
         <size>0xc</size>
         <input_file_ref idref="fl-2"/>
      </object_component>
      <object_component id="oc-cb">
         <name>.const:$P$T0$2</name>
         <load_address>0x64c0</load_address>
         <run_address>0x64c0</run_address>
         <size>0x8</size>
         <input_file_ref idref="fl-2"/>
      </object_component>
      <object_component id="oc-d8">
         <name>.const:.string:$P$T1$3</name>
         <load_address>0x64c8</load_address>
         <run_address>0x64c8</run_address>
         <size>0x5</size>
         <input_file_ref idref="fl-2"/>
      </object_component>
      <object_component id="oc-49e">
         <name>.const:.string:g_pui8LangDescriptor</name>
         <load_address>0x64cd</load_address>
         <run_address>0x64cd</run_address>
         <size>0x4</size>
         <input_file_ref idref="fl-4"/>
      </object_component>
      <object_component id="oc-a3">
         <name>.const</name>
         <load_address>0x64d4</load_address>
         <run_address>0x64d4</run_address>
         <size>0x4</size>
         <input_file_ref idref="fl-2"/>
      </object_component>
      <object_component id="oc-81c">
         <name>.cinit..data.load</name>
         <load_address>0x64d8</load_address>
         <run_address>0x64d8</run_address>
         <size>0xfc</size>
      </object_component>
      <object_component id="oc-819">
         <name>__TI_handler_table</name>
         <load_address>0x65d4</load_address>
         <run_address>0x65d4</run_address>
         <size>0xc</size>
      </object_component>
      <object_component id="oc-81d">
         <name>.cinit..bss.load</name>
         <load_address>0x65e0</load_address>
         <run_address>0x65e0</run_address>
         <size>0x8</size>
      </object_component>
      <object_component id="oc-81b">
         <name>.cinit..vtable.load</name>
         <load_address>0x65e8</load_address>
         <run_address>0x65e8</run_address>
         <size>0x8</size>
      </object_component>
      <object_component id="oc-81a">
         <name>__TI_cinit_table</name>
         <load_address>0x65f0</load_address>
         <run_address>0x65f0</run_address>
         <size>0x18</size>
      </object_component>
      <object_component id="oc-639">
         <name>.vtable</name>
         <uninitialized>true</uninitialized>
         <run_address>0x20000000</run_address>
         <size>0x26c</size>
         <input_file_ref idref="fl-12"/>
      </object_component>
      <object_component id="oc-7a">
         <name>.data</name>
         <load_address>0x20003ce4</load_address>
         <run_address>0x20003ce4</run_address>
         <size>0x59</size>
         <input_file_ref idref="fl-2"/>
      </object_component>
      <object_component id="oc-a9">
         <name>.data:serial</name>
         <load_address>0x20003de8</load_address>
         <run_address>0x20003de8</run_address>
         <size>0x6</size>
         <input_file_ref idref="fl-2"/>
      </object_component>
      <object_component id="oc-b1">
         <name>.data:ABC0</name>
         <load_address>0x20003dc5</load_address>
         <run_address>0x20003dc5</run_address>
         <size>0x8</size>
         <input_file_ref idref="fl-2"/>
      </object_component>
      <object_component id="oc-b4">
         <name>.data:ABC1</name>
         <load_address>0x20003dcd</load_address>
         <run_address>0x20003dcd</run_address>
         <size>0x8</size>
         <input_file_ref idref="fl-2"/>
      </object_component>
      <object_component id="oc-b7">
         <name>.data:ABC2</name>
         <load_address>0x20003dd5</load_address>
         <run_address>0x20003dd5</run_address>
         <size>0x8</size>
         <input_file_ref idref="fl-2"/>
      </object_component>
      <object_component id="oc-ef">
         <name>.data:offChars</name>
         <load_address>0x20003df3</load_address>
         <run_address>0x20003df3</run_address>
         <size>0x5</size>
         <input_file_ref idref="fl-2"/>
      </object_component>
      <object_component id="oc-ec">
         <name>.data:ampChars</name>
         <load_address>0x20003dee</load_address>
         <run_address>0x20003dee</run_address>
         <size>0x5</size>
         <input_file_ref idref="fl-2"/>
      </object_component>
      <object_component id="oc-cf">
         <name>.data:data</name>
         <load_address>0x2000026c</load_address>
         <run_address>0x2000026c</run_address>
         <size>0x39b8</size>
         <input_file_ref idref="fl-2"/>
      </object_component>
      <object_component id="oc-1e0">
         <name>.data:g_sCDCDevice</name>
         <load_address>0x20003c24</load_address>
         <run_address>0x20003c24</run_address>
         <size>0x60</size>
         <input_file_ref idref="fl-4"/>
      </object_component>
      <object_component id="oc-e5">
         <name>.data:g_sRxBuffer</name>
         <load_address>0x20003d40</load_address>
         <run_address>0x20003d40</run_address>
         <size>0x38</size>
         <input_file_ref idref="fl-4"/>
      </object_component>
      <object_component id="oc-ac">
         <name>.data:g_sTxBuffer</name>
         <load_address>0x20003d78</load_address>
         <run_address>0x20003d78</run_address>
         <size>0x38</size>
         <input_file_ref idref="fl-4"/>
      </object_component>
      <object_component id="oc-2e6">
         <name>.data</name>
         <load_address>0x20003dbc</load_address>
         <run_address>0x20003dbc</run_address>
         <size>0x9</size>
         <input_file_ref idref="fl-dc"/>
      </object_component>
      <object_component id="oc-372">
         <name>.data</name>
         <load_address>0x20003db0</load_address>
         <run_address>0x20003db0</run_address>
         <size>0xc</size>
         <input_file_ref idref="fl-de"/>
      </object_component>
      <object_component id="oc-2fe">
         <name>.data</name>
         <load_address>0x20003c84</load_address>
         <run_address>0x20003c84</run_address>
         <size>0x5e</size>
         <input_file_ref idref="fl-e0"/>
      </object_component>
      <object_component id="oc-375">
         <name>.data</name>
         <load_address>0x20003de0</load_address>
         <run_address>0x20003de0</run_address>
         <size>0x8</size>
         <input_file_ref idref="fl-e1"/>
      </object_component>
      <object_component id="oc-64c">
         <name>.bss:g_pui8DataBufferIn</name>
         <uninitialized>true</uninitialized>
         <run_address>0x20004158</run_address>
         <size>0x40</size>
         <input_file_ref idref="fl-e1"/>
      </object_component>
      <object_component id="oc-36f">
         <name>.bss:g_psDCDInst</name>
         <uninitialized>true</uninitialized>
         <run_address>0x20004108</run_address>
         <size>0x50</size>
         <input_file_ref idref="fl-e1"/>
      </object_component>
      <object_component id="oc-571">
         <name>.bss:g_psUSBDMAInst</name>
         <uninitialized>true</uninitialized>
         <run_address>0x20003df8</run_address>
         <size>0x110</size>
         <input_file_ref idref="fl-e3"/>
      </object_component>
      <object_component id="oc-a6">
         <name>.common:ui32Serial</name>
         <uninitialized>true</uninitialized>
         <run_address>0x2000421c</run_address>
         <size>0x4</size>
      </object_component>
      <object_component id="oc-ba">
         <name>.common:ui32ABC0A</name>
         <uninitialized>true</uninitialized>
         <run_address>0x20004204</run_address>
         <size>0x4</size>
      </object_component>
      <object_component id="oc-bb">
         <name>.common:ui32ABC0B</name>
         <uninitialized>true</uninitialized>
         <run_address>0x20004208</run_address>
         <size>0x4</size>
      </object_component>
      <object_component id="oc-bc">
         <name>.common:ui32ABC1A</name>
         <uninitialized>true</uninitialized>
         <run_address>0x2000420c</run_address>
         <size>0x4</size>
      </object_component>
      <object_component id="oc-bd">
         <name>.common:ui32ABC1B</name>
         <uninitialized>true</uninitialized>
         <run_address>0x20004210</run_address>
         <size>0x4</size>
      </object_component>
      <object_component id="oc-be">
         <name>.common:ui32ABC2A</name>
         <uninitialized>true</uninitialized>
         <run_address>0x20004214</run_address>
         <size>0x4</size>
      </object_component>
      <object_component id="oc-bf">
         <name>.common:ui32ABC2B</name>
         <uninitialized>true</uninitialized>
         <run_address>0x20004218</run_address>
         <size>0x4</size>
      </object_component>
      <object_component id="oc-b0">
         <name>.common:offset</name>
         <uninitialized>true</uninitialized>
         <run_address>0x200041fc</run_address>
         <size>0x4</size>
      </object_component>
      <object_component id="oc-af">
         <name>.common:ampVal</name>
         <uninitialized>true</uninitialized>
         <run_address>0x200041e8</run_address>
         <size>0x4</size>
      </object_component>
      <object_component id="oc-eb">
         <name>.common:count</name>
         <uninitialized>true</uninitialized>
         <run_address>0x20004220</run_address>
         <size>0x1</size>
      </object_component>
      <object_component id="oc-10b">
         <name>.common:value</name>
         <uninitialized>true</uninitialized>
         <run_address>0x200041c8</run_address>
         <size>0x18</size>
      </object_component>
      <object_component id="oc-1c1">
         <name>.common:ICGMatch</name>
         <uninitialized>true</uninitialized>
         <run_address>0x200041e0</run_address>
         <size>0x4</size>
      </object_component>
      <object_component id="oc-10c">
         <name>.common:SHMatch</name>
         <uninitialized>true</uninitialized>
         <run_address>0x200041e4</run_address>
         <size>0x4</size>
      </object_component>
      <object_component id="oc-de">
         <name>.common:g_pcStatus</name>
         <uninitialized>true</uninitialized>
         <run_address>0x200041ec</run_address>
         <size>0x4</size>
      </object_component>
      <object_component id="oc-ce">
         <name>.common:report</name>
         <uninitialized>true</uninitialized>
[...]
         <name>TimerIntClear</name>
         <value>0x6139</value>
         <object_component_ref idref="oc-f9"/>
      </symbol>
      <symbol id="sm-77d">
         <name>CPUcpsie</name>
         <value>0x60ad</value>
         <object_component_ref idref="oc-335"/>
      </symbol>
      <symbol id="sm-77e">
         <name>CPUcpsid</name>
         <value>0x60a1</value>
         <object_component_ref idref="oc-511"/>
      </symbol>
      <symbol id="sm-78d">
         <name>__aeabi_uidivmod</name>
         <value>0x53b5</value>
         <object_component_ref idref="oc-80"/>
      </symbol>
      <symbol id="sm-78e">
         <name>__aeabi_uidiv</name>
         <value>0x53b5</value>
         <object_component_ref idref="oc-80"/>
      </symbol>
      <symbol id="sm-79d">
         <name>__aeabi_memset</name>
         <value>0x4625</value>
         <object_component_ref idref="oc-c0"/>
      </symbol>
      <symbol id="sm-79e">
         <name>memset</name>
         <value>0x462b</value>
         <object_component_ref idref="oc-c0"/>
      </symbol>
      <symbol id="sm-79f">
         <name>__aeabi_memset8</name>
         <value>0x4625</value>
         <object_component_ref idref="oc-c0"/>
      </symbol>
      <symbol id="sm-7a0">
         <name>__aeabi_memset4</name>
         <value>0x4625</value>
         <object_component_ref idref="oc-c0"/>
      </symbol>
      <symbol id="sm-7a1">
         <name>__aeabi_memclr8</name>
         <value>0x4623</value>
         <object_component_ref idref="oc-c0"/>
      </symbol>
      <symbol id="sm-7a2">
         <name>__aeabi_memclr4</name>
         <value>0x4623</value>
         <object_component_ref idref="oc-c0"/>
      </symbol>
      <symbol id="sm-7a3">
         <name>__aeabi_memclr</name>
         <value>0x4623</value>
         <object_component_ref idref="oc-c0"/>
      </symbol>
      <symbol id="sm-7ba">
         <name>__TI_zero_init</name>
         <value>0x60d1</value>
         <object_component_ref idref="oc-56"/>
      </symbol>
      <symbol id="sm-7d1">
         <name>__TI_decompress_none</name>
         <value>0x6093</value>
         <object_component_ref idref="oc-18"/>
      </symbol>
      <symbol id="sm-7f4">
         <name>__TI_decompress_lzss</name>
         <value>0x4a81</value>
         <object_component_ref idref="oc-12"/>
      </symbol>
      <symbol id="sm-807">
         <name>__stack</name>
         <value>0x20004228</value>
         <object_component_ref idref="oc-21"/>
      </symbol>
      <symbol id="sm-808">
         <name>_c_int00_noargs</name>
         <value>0x5631</value>
         <object_component_ref idref="oc-62"/>
      </symbol>
      <symbol id="sm-813">
         <name>C$$EXIT</name>
         <value>0x6141</value>
         <object_component_ref idref="oc-388"/>
      </symbol>
      <symbol id="sm-814">
         <name>abort</name>
         <value>0x6141</value>
         <object_component_ref idref="oc-388"/>
      </symbol>
      <symbol id="sm-820">
         <name>__aeabi_idiv0</name>
         <value>0x4787</value>
         <object_component_ref idref="oc-22f"/>
      </symbol>
      <symbol id="sm-821">
         <name>__aeabi_ldiv0</name>
         <value>0x4787</value>
         <object_component_ref idref="oc-22f"/>
      </symbol>
      <symbol id="sm-83c">
         <name>memcpy</name>
         <value>0x3f83</value>
         <object_component_ref idref="oc-44"/>
      </symbol>
      <symbol id="sm-83d">
         <name>__aeabi_memcpy</name>
         <value>0x3f83</value>
         <object_component_ref idref="oc-44"/>
      </symbol>
      <symbol id="sm-83e">
         <name>__aeabi_memcpy8</name>
         <value>0x3f83</value>
         <object_component_ref idref="oc-44"/>
      </symbol>
      <symbol id="sm-83f">
         <name>__aeabi_memcpy4</name>
         <value>0x3f83</value>
         <object_component_ref idref="oc-44"/>
      </symbol>
      <symbol id="sm-867">
         <name>__TI_auto_init_nobinit_nopinit</name>
         <value>0x5331</value>
         <object_component_ref idref="oc-394"/>
      </symbol>
      <symbol id="sm-871">
         <name>_system_pre_init</name>
         <value>0x613d</value>
         <object_component_ref idref="oc-217"/>
      </symbol>
      <symbol id="sm-8e7">
         <name>USBBufferInit</name>
         <value>0x5db9</value>
         <object_component_ref idref="oc-11f"/>
      </symbol>
      <symbol id="sm-8e8">
         <name>USBBufferRead</name>
         <value>0x5a77</value>
         <object_component_ref idref="oc-df"/>
      </symbol>
      <symbol id="sm-8e9">
         <name>USBBufferEventCallback</name>
         <value>0x4b4d</value>
         <object_component_ref idref="oc-33e"/>
      </symbol>
      <symbol id="sm-8ea">
         <name>USBBufferWrite</name>
         <value>0x58f3</value>
         <object_component_ref idref="oc-8b"/>
      </symbol>
      <symbol id="sm-8eb">
         <name>USBBufferFlush</name>
         <value>0x6125</value>
         <object_component_ref idref="oc-d2"/>
      </symbol>
      <symbol id="sm-920">
         <name>g_iUSBMode</name>
         <value>0x20003dbc</value>
         <object_component_ref idref="oc-2e6"/>
      </symbol>
      <symbol id="sm-921">
         <name>USBStackModeSet</name>
         <value>0x5b39</value>
         <object_component_ref idref="oc-125"/>
      </symbol>
      <symbol id="sm-922">
         <name>g_ui32WaitTicks</name>
         <value>0x20003dc0</value>
         <object_component_ref idref="oc-2e6"/>
      </symbol>
      <symbol id="sm-9a2">
         <name>USBRingBufWrite</name>
         <value>0x5d39</value>
         <object_component_ref idref="oc-242"/>
      </symbol>
      <symbol id="sm-9a3">
         <name>USBRingBufContigUsed</name>
         <value>0x6039</value>
         <object_component_ref idref="oc-3d2"/>
      </symbol>
      <symbol id="sm-9a4">
         <name>USBRingBufFlush</name>
         <value>0x5e75</value>
         <object_component_ref idref="oc-29d"/>
      </symbol>
      <symbol id="sm-9a5">
         <name>USBRingBufAdvanceWrite</name>
         <value>0x55f9</value>
         <object_component_ref idref="oc-624"/>
      </symbol>
      <symbol id="sm-9a6">
         <name>USBRingBufWriteOne</name>
         <value>0x6049</value>
         <object_component_ref idref="oc-3cb"/>
      </symbol>
      <symbol id="sm-9a7">
         <name>USBRingBufUsed</name>
         <value>0x5ea1</value>
         <object_component_ref idref="oc-2a8"/>
      </symbol>
      <symbol id="sm-9a8">
         <name>USBRingBufFree</name>
         <value>0x5fe7</value>
         <object_component_ref idref="oc-23c"/>
      </symbol>
      <symbol id="sm-9a9">
         <name>USBRingBufAdvanceRead</name>
         <value>0x5c6b</value>
         <object_component_ref idref="oc-616"/>
      </symbol>
      <symbol id="sm-9aa">
         <name>USBRingBufReadOne</name>
         <value>0x5e8b</value>
         <object_component_ref idref="oc-3fb"/>
      </symbol>
      <symbol id="sm-9ab">
         <name>USBRingBufInit</name>
         <value>0x60c5</value>
         <object_component_ref idref="oc-2df"/>
      </symbol>
      <symbol id="sm-9ac">
         <name>USBRingBufRead</name>
         <value>0x5d1d</value>
         <object_component_ref idref="oc-2ae"/>
      </symbol>
      <symbol id="sm-9ad">
         <name>USBRingBufContigFree</name>
         <value>0x5cc7</value>
         <object_component_ref idref="oc-61d"/>
      </symbol>
      <symbol id="sm-9e5">
         <name>g_pfnTickHandlers</name>
         <value>0x20004198</value>
      </symbol>
      <symbol id="sm-9e6">
         <name>g_pvTickInstance</name>
         <value>0x200041b0</value>
      </symbol>
      <symbol id="sm-9e7">
         <name>g_ui32USBSOFCount</name>
         <value>0x20003db8</value>
         <object_component_ref idref="oc-372"/>
      </symbol>
      <symbol id="sm-9e8">
         <name>g_bUSBTimerInitialized</name>
         <value>0x20003db0</value>
         <object_component_ref idref="oc-372"/>
      </symbol>
      <symbol id="sm-9e9">
         <name>g_ui32CurrentUSBTick</name>
         <value>0x20003db4</value>
         <object_component_ref idref="oc-372"/>
      </symbol>
      <symbol id="sm-9ea">
         <name>InternalUSBStartOfFrameTick</name>
         <value>0x5519</value>
         <object_component_ref idref="oc-35a"/>
      </symbol>
      <symbol id="sm-9eb">
         <name>InternalUSBRegisterTickHandler</name>
         <value>0x54e1</value>
         <object_component_ref idref="oc-440"/>
      </symbol>
      <symbol id="sm-9ec">
         <name>InternalUSBTickInit</name>
         <value>0x5835</value>
         <object_component_ref idref="oc-43a"/>
      </symbol>
      <symbol id="sm-b66">
         <name>g_psCDCCompSerSections</name>
         <value>0x20003cc0</value>
         <object_component_ref idref="oc-2fe"/>
      </symbol>
      <symbol id="sm-b67">
         <name>g_pui8CDCSerDataInterfaceHS</name>
         <value>0x63bb</value>
         <object_component_ref idref="oc-469"/>
      </symbol>
      <symbol id="sm-b68">
         <name>g_sCDCCompSerConfigHeader</name>
         <value>0x62e8</value>
         <object_component_ref idref="oc-301"/>
      </symbol>
      <symbol id="sm-b69">
         <name>g_sCDCSerCommInterfaceSection</name>
         <value>0x62c0</value>
         <object_component_ref idref="oc-301"/>
      </symbol>
      <symbol id="sm-b6a">
         <name>g_pCDCCompSerConfigDescriptorsHS</name>
         <value>0x6304</value>
         <object_component_ref idref="oc-301"/>
      </symbol>
      <symbol id="sm-b6b">
         <name>g_sIADSerConfigSection</name>
         <value>0x62b8</value>
         <object_component_ref idref="oc-301"/>
      </symbol>
      <symbol id="sm-b6c">
         <name>g_ppCDCSerConfigDescriptors</name>
         <value>0x62f8</value>
         <object_component_ref idref="oc-301"/>
      </symbol>
      <symbol id="sm-b6d">
         <name>g_pCDCCompSerConfigDescriptors</name>
         <value>0x6300</value>
         <object_component_ref idref="oc-301"/>
      </symbol>
      <symbol id="sm-b6e">
         <name>g_sCDCSerDataInterfaceSectionHS</name>
         <value>0x62d0</value>
         <object_component_ref idref="oc-301"/>
      </symbol>
      <symbol id="sm-b6f">
         <name>USBDCDCCompositeInit</name>
         <value>0x3949</value>
         <object_component_ref idref="oc-2f2"/>
      </symbol>
      <symbol id="sm-b70">
         <name>USBDCDCTxPacketAvailable</name>
         <value>0x5f09</value>
         <object_component_ref idref="oc-282"/>
      </symbol>
      <symbol id="sm-b71">
         <name>g_pui8CDCSerDataInterface</name>
         <value>0x63a4</value>
         <object_component_ref idref="oc-469"/>
      </symbol>
      <symbol id="sm-b72">
         <name>g_pui8IADSerDescriptor</name>
         <value>0x20003c9f</value>
         <object_component_ref idref="oc-2fe"/>
      </symbol>
      <symbol id="sm-b73">
         <name>g_sCDCSerDataInterfaceSection</name>
         <value>0x62c8</value>
         <object_component_ref idref="oc-301"/>
      </symbol>
      <symbol id="sm-b74">
         <name>USBDCDCInit</name>
         <value>0x4ed5</value>
         <object_component_ref idref="oc-12b"/>
      </symbol>
      <symbol id="sm-b75">
         <name>ProcessNotificationToHost</name>
         <value>0x579f</value>
         <object_component_ref idref="oc-6a2"/>
      </symbol>
      <symbol id="sm-b76">
         <name>g_sCDCSerConfigSection</name>
         <value>0x62b0</value>
         <object_component_ref idref="oc-301"/>
      </symbol>
      <symbol id="sm-b77">
         <name>g_sCDCCompSerConfigHeaderHS</name>
         <value>0x62f0</value>
         <object_component_ref idref="oc-301"/>
      </symbol>
      <symbol id="sm-b78">
         <name>g_sCDCHandlers</name>
         <value>0x6374</value>
         <object_component_ref idref="oc-446"/>
      </symbol>
      <symbol id="sm-b79">
         <name>g_psCDCSerSections</name>
         <value>0x20003ca8</value>
         <object_component_ref idref="oc-2fe"/>
      </symbol>
      <symbol id="sm-b7a">
         <name>ProcessDataFromHost</name>
         <value>0x4715</value>
         <object_component_ref idref="oc-6a8"/>
      </symbol>
      <symbol id="sm-b7b">
         <name>USBDCDCRxPacketAvailable</name>
         <value>0x5921</value>
         <object_component_ref idref="oc-2bb"/>
      </symbol>
      <symbol id="sm-b7c">
         <name>g_sCDCSerConfigHeaderHS</name>
         <value>0x62e0</value>
         <object_component_ref idref="oc-301"/>
      </symbol>
      <symbol id="sm-b7d">
         <name>g_pui8CDCSerDescriptor</name>
         <value>0x20003c96</value>
         <object_component_ref idref="oc-2fe"/>
      </symbol>
      <symbol id="sm-b7e">
         <name>g_ppCDCSerConfigDescriptorsHS</name>
         <value>0x62fc</value>
         <object_component_ref idref="oc-301"/>
      </symbol>
      <symbol id="sm-b7f">
         <name>ProcessDataToHost</name>
         <value>0x48d9</value>
         <object_component_ref idref="oc-6ae"/>
      </symbol>
      <symbol id="sm-b80">
         <name>USBDCDCPacketRead</name>
         <value>0x4275</value>
         <object_component_ref idref="oc-2b5"/>
      </symbol>
      <symbol id="sm-b81">
         <name>g_psCDCCompSerSectionsHS</name>
         <value>0x20003cd0</value>
         <object_component_ref idref="oc-2fe"/>
      </symbol>
      <symbol id="sm-b82">
         <name>g_sCDCSerConfigHeader</name>
         <value>0x62d8</value>
         <object_component_ref idref="oc-301"/>
      </symbol>
      <symbol id="sm-b83">
         <name>g_psCDCSerSectionsHS</name>
         <value>0x20003cb4</value>
         <object_component_ref idref="oc-2fe"/>
      </symbol>
      <symbol id="sm-b84">
         <name>g_pui8CDCSerDeviceDescriptor</name>
         <value>0x20003c84</value>
         <object_component_ref idref="oc-2fe"/>
      </symbol>
      <symbol id="sm-b85">
         <name>g_pui8CDCSerCommInterface</name>
         <value>0x6422</value>
         <object_component_ref idref="oc-466"/>
      </symbol>
      <symbol id="sm-b86">
         <name>USBDCDCPacketWrite</name>
         <value>0x4c75</value>
         <object_component_ref idref="oc-27c"/>
      </symbol>
      <symbol id="sm-d2c">
         <name>g_ppsDevInfo</name>
         <value>0x200041f4</value>
      </symbol>
      <symbol id="sm-d2d">
         <name>USBDCDSendDataEP0</name>
         <value>0x5f31</value>
         <object_component_ref idref="oc-68a"/>
      </symbol>
      <symbol id="sm-d2e">
         <name>USBDCDStallEP0</name>
         <value>0x5d01</value>
         <object_component_ref idref="oc-646"/>
      </symbol>
      <symbol id="sm-d2f">
         <name>USBDCDRequestDataEP0</name>
         <value>0x5f1d</value>
         <object_component_ref idref="oc-690"/>
      </symbol>
      <symbol id="sm-d30">
         <name>USBDeviceEnumHandler</name>
         <value>0x3a21</value>
         <object_component_ref idref="oc-366"/>
      </symbol>
      <symbol id="sm-d31">
         <name>USBDCDInit</name>
         <value>0x2f01</value>
         <object_component_ref idref="oc-2f8"/>
      </symbol>
      <symbol id="sm-d32">
         <name>USBDeviceEnumResetHandler</name>
         <value>0x5219</value>
         <object_component_ref idref="oc-34e"/>
      </symbol>
      <symbol id="sm-d33">
         <name>g_psDCDInst</name>
         <value>0x20004108</value>
         <object_component_ref idref="oc-36f"/>
      </symbol>
      <symbol id="sm-d34">
         <name>USBDCDFeatureGet</name>
         <value>0x5dd1</value>
         <object_component_ref idref="oc-42e"/>
      </symbol>
      <symbol id="sm-d35">
         <name>USBDCDDeviceInfoInit</name>
         <value>0x52a9</value>
         <object_component_ref idref="oc-434"/>
      </symbol>
      <symbol id="sm-d36">
         <name>USBDeviceIntHandlerInternal</name>
         <value>0x31a1</value>
         <object_component_ref idref="oc-1f3"/>
      </symbol>
      <symbol id="sm-d37">
         <name>USBDeviceResumeTickHandler</name>
         <value>0x4f75</value>
         <object_component_ref idref="oc-354"/>
      </symbol>
      <symbol id="sm-d55">
         <name>USBDescGet</name>
         <value>0x594f</value>
         <object_component_ref idref="oc-7d4"/>
      </symbol>
      <symbol id="sm-d56">
         <name>USBDescGetNum</name>
         <value>0x5a25</value>
         <object_component_ref idref="oc-7c5"/>
      </symbol>
      <symbol id="sm-e9b">
         <name>USBLibDMAInit</name>
         <value>0x2da1</value>
         <object_component_ref idref="oc-45c"/>
      </symbol>
      <symbol id="sm-ea8">
         <name>ULPIConfigSet</name>
         <value>0x4de3</value>
         <object_component_ref idref="oc-456"/>
      </symbol>
      <symbol id="sm-ef9">
         <name>USBDCDConfigDescGet</name>
         <value>0x4f25</value>
         <object_component_ref idref="oc-7ab"/>
      </symbol>
      <symbol id="sm-efa">
         <name>USBDCDConfigGetInterface</name>
         <value>0x5ce5</value>
         <object_component_ref idref="oc-792"/>
      </symbol>
      <symbol id="sm-efb">
         <name>USBDCDConfigDescGetSize</name>
         <value>0x5d6f</value>
         <object_component_ref idref="oc-653"/>
      </symbol>
      <symbol id="sm-efc">
         <name>USBDCDConfigGetInterfaceEndpoint</name>
         <value>0x55c1</value>
         <object_component_ref idref="oc-7b1"/>
      </symbol>
      <symbol id="sm-efd">
         <name>USBDCDConfigDescGetNum</name>
         <value>0x59fb</value>
         <object_component_ref idref="oc-78c"/>
      </symbol>
      <symbol id="sm-f4a">
         <name>USBDeviceConfigAlternate</name>
         <value>0x4395</value>
         <object_component_ref idref="oc-798"/>
      </symbol>
      <symbol id="sm-f4b">
         <name>USBDeviceConfig</name>
         <value>0x32f1</value>
         <object_component_ref idref="oc-784"/>
      </symbol>
      <symbol id="sm-f96">
         <name>uDMAChannelControlSet</name>
         <value>0x5b5d</value>
         <object_component_ref idref="oc-6be"/>
      </symbol>
      <symbol id="sm-f97">
         <name>uDMAChannelDisable</name>
         <value>0x5e19</value>
         <object_component_ref idref="oc-6cc"/>
      </symbol>
      <symbol id="sm-f98">
         <name>uDMAChannelModeGet</name>
         <value>0x5ac9</value>
         <object_component_ref idref="oc-6e5"/>
      </symbol>
      <symbol id="sm-f99">
         <name>uDMAChannelTransferSet</name>
         <value>0x44a5</value>
         <object_component_ref idref="oc-6ee"/>
      </symbol>
      <symbol id="sm-f9a">
         <name>uDMAChannelAttributeDisable</name>
         <value>0x5261</value>
         <object_component_ref idref="oc-6c5"/>
      </symbol>
      <symbol id="sm-f9b">
         <name>uDMAChannelEnable</name>
         <value>0x5e31</value>
         <object_component_ref idref="oc-6d9"/>
      </symbol>
      <symbol id="sm-f9c">
         <name>__TI_static_base__</name>
         <value>0x0</value>
      </symbol>
      <symbol id="sm-f9f">
         <name>__mpu_init</name>
         <value>0x0</value>
      </symbol>
      <symbol id="sm-fa0">
         <name>_system_post_cinit</name>
         <value>0x0</value>
      </symbol>
   </symbol_table>
   <title>Link successful</title>
</link_info>
